Running as unit: run-p18424-i3126.service; invocation ID: 70c64e906e7d4025bac47d11972fcbcf
Building Challenge
Build completed successfully (3 jobs).
Exporting #[Quot, Quot.mk, Quot.lift, Quot.ind, validation_control, propext, Quot.sound, Classical.choice, Nat.add, Nat.sub, Nat.mul, Nat.pow, Nat.gcd, Nat.div, Nat.mod, Nat.beq, Nat.ble, Nat.land, Nat.lor, Nat.xor, Nat.shiftLeft, Nat.shiftRight, String.ofList, Char.ofNat, List, eagerReduce, Nat, String, String.mk, Char, optParam, autoParam, semiOutParam, outParam] from Challenge
Building Solution
Build completed successfully (3 jobs).
Exporting #[Quot, Quot.mk, Quot.lift, Quot.ind, validation_control, propext, Quot.sound, Classical.choice, Nat.add, Nat.sub, Nat.mul, Nat.pow, Nat.gcd, Nat.div, Nat.mod, Nat.beq, Nat.ble, Nat.land, Nat.lor, Nat.xor, Nat.shiftLeft, Nat.shiftRight, String.ofList, Char.ofNat, List, eagerReduce, Nat, String, String.mk, Char, optParam, autoParam, semiOutParam, outParam] from Solution
Running nanoda kernel on solution

thread 'thread_2' (18491) panicked at src/tc.rs:955:71:
assertion failed: self.def_eq(u, v)
note: run with `RUST_BACKTRACE=1` environment variable to display a backtrace

thread 'main' (18483) panicked at src/tc.rs:173:26:
A thread in `check_all_declars` panicked while being joined: Any { .. }
nanoda kernel rejected the solution
Running Lean default kernel on solution.
Lean default kernel rejects the solution
uncaught exception: nanoda exited with 101
          Finished with result: exit-code
Main processes terminated with: code=exited, status=1/FAILURE
               Service runtime: 1.405s
             CPU time consumed: 1.232s
                   Memory peak: 124.7M (swap: 0B)
