Running as unit: run-p17598-i29965.service; invocation ID: e4e821b40ba24349a107e3dcd030297f
Building Challenge
⚠ [2371/2372] Built Challenge (14s)
warning: Challenge.lean:18:8: declaration uses `sorry`
warning: Challenge.lean:23:8: declaration uses `sorry`
warning: Challenge.lean:31:8: declaration uses `sorry`
warning: Challenge.lean:43:8: declaration uses `sorry`
warning: Challenge.lean:56:8: declaration uses `sorry`
warning: Challenge.lean:63:8: declaration uses `sorry`
Build completed successfully (2372 jobs).
Exporting #[Quot, Quot.mk, Quot.lift, Quot.ind, CompareChallenge.pi_sqrt_exponent_two, CompareChallenge.pi_sqrt_eventual_bound, CompareChallenge.quadratic_log_exponent_two, CompareChallenge.quadratic_log_eventual_bound, CompareChallenge.imaginary_quadratic_exponent_two, CompareChallenge.imaginary_quadratic_eventual_bound, propext, Classical.choice, Quot.sound, Nat.add, Nat.sub, Nat.mul, Nat.pow, Nat.gcd, Nat.div, Nat.mod, Nat.beq, Nat.ble, Nat.land, Nat.lor, Nat.xor, Nat.shiftLeft, Nat.shiftRight, String.ofList, Char.ofNat, List, eagerReduce, Nat, String, String.mk, Char, optParam, autoParam, semiOutParam, outParam] from Challenge
Building Solution
✔ [8923/8996] Built OAI.NumberTheory.PiExponent.Approximation.WeightSeparationProducts (5.8s)
✔ [8924/8996] Built OAI.NumberTheory.PiExponent.Approximation.WeightSeparationConstant (6.0s)
✔ [8925/8996] Built OAI.NumberTheory.PiExponent.Polynomials.PolynomialFrameDegree (7.2s)
✔ [8926/8996] Built OAI.NumberTheory.PiExponent.Analysis.DimensionLimits (7.7s)
✔ [8927/8996] Built OAI.NumberTheory.PiExponent.Jets.JetGeometry (10s)
✔ [8928/8996] Built OAI.NumberTheory.PiExponent.Geometry.CurveParameterFinite (10s)
✔ [8929/8996] Built OAI.NumberTheory.PiExponent.Approximation.Arithmetic (16s)
✔ [8930/8996] Built Logarithm.ApproximationSelection (53s)
✔ [8931/8996] Built OAI.NumberTheory.PiExponent.Approximation.Sigma (51s)
✔ [8932/8996] Built OAI.NumberTheory.PiExponent.Approximation.ApproximationSelection (51s)
✔ [8933/8996] Built OAI.NumberTheory.PiExponent.Approximation.WeightErrorMargin (53s)
✔ [8934/8996] Built OAI.NumberTheory.PiExponent.Polynomials.NestedPolynomialSwap (49s)
✔ [8935/8996] Built OAI.NumberTheory.PiExponent.Approximation.PersistentComponents (43s)
✔ [8936/8996] Built OAI.NumberTheory.PiExponent.Approximation.RowTranslation (53s)
✔ [8937/8996] Built OAI.NumberTheory.PiExponent.Polynomials.SimplexRationalWeights (25s)
✔ [8938/8998] Built OAI.NumberTheory.PiExponent.Polynomials.SimplexFloor (26s)
✔ [8939/8998] Built OAI.NumberTheory.PiExponent.Polynomials.SimplexUnweighted (26s)
✔ [8940/8998] Built OAI.NumberTheory.PiExponent.Jets.FormalBranchOrder (27s)
✔ [8941/8998] Built OAI.NumberTheory.PiExponent.Jets.IntrinsicLength (25s)
✔ [8942/8998] Built OAI.NumberTheory.PiExponent.Approximation.WeightedSliceDegree (30s)
✔ [8943/8998] Built OAI.NumberTheory.PiExponent.Jets.DVRBranchExpansion (32s)
✔ [8944/8998] Built OAI.NumberTheory.PiExponent.Approximation.WeightSeparation (7.0s)
✔ [8945/8998] Built OAI.NumberTheory.PiExponent.Polynomials.PolynomialFrame (9.2s)
✔ [8946/8998] Built OAI.NumberTheory.PiExponent.LocalAlgebra.Dimension (9.7s)
✔ [8947/8998] Built OAI.NumberTheory.PiExponent.Polynomials.PolynomialPoleBound (22s)
✔ [8948/8998] Built OAI.NumberTheory.PiExponent.Jets.FormalJetDerivatives (24s)
✔ [8949/8998] Built OAI.NumberTheory.PiExponent.Geometry.WeightedCurveDegree (31s)
✔ [8950/8998] Built Logarithm.SuccessiveApproximations (28s)
✔ [8951/8998] Built OAI.NumberTheory.PiExponent.Approximation.Parameters (113s)
✔ [8952/9002] Built OAI.NumberTheory.PiExponent.Approximation.SuccessiveApproximations (28s)
✔ [8953/9002] Built OAI.NumberTheory.PiExponent.Jets.DerivativeIdeals (29s)
✔ [8954/9002] Built OAI.NumberTheory.PiExponent.Polynomials.SimplexCounting (33s)
✔ [8955/9002] Built OAI.NumberTheory.PiExponent.Jets.FormalBranchOrderRational (27s)
✔ [8956/9004] Built OAI.NumberTheory.PiExponent.Geometry.CurveContact (26s)
✔ [8957/9004] Built OAI.NumberTheory.PiExponent.Polynomials.WeightedPolynomialPole (25s)
✔ [8958/9005] Built OAI.NumberTheory.PiExponent.Jets.FormalLogJet (33s)
✔ [8959/9005] Built OAI.NumberTheory.PiExponent.Geometry.CurveLocalOrder (32s)
✔ [8960/9005] Built OAI.NumberTheory.PiExponent.LocalAlgebra.TranscendenceBasisReduction (20s)
✔ [8961/9008] Built OAI.NumberTheory.PiExponent.Analysis.LogarithmicObstruction (27s)
✔ [8962/9008] Built OAI.NumberTheory.PiExponent.Jets.OrdinaryDerivativeIdeals (27s)
✔ [8963/9010] Built OAI.NumberTheory.PiExponent.Polynomials.SimplexRational (24s)
✔ [8964/9010] Built OAI.NumberTheory.PiExponent.Approximation.AdmissibleParameters (46s)
✔ [8965/9010] Built OAI.NumberTheory.PiExponent.Jets.BranchContact (28s)
✔ [8966/9010] Built OAI.NumberTheory.PiExponent.Approximation.FrameEquationFamily (25s)
✔ [8967/9010] Built OAI.NumberTheory.PiExponent.Approximation.InterpolationMatrix (32s)
✔ [8968/9010] Built OAI.NumberTheory.PiExponent.Jets.NormalBasisRigidity (30s)
✔ [8969/9014] Built Logarithm.ScaledFormalJet (28s)
✔ [8970/9014] Built OAI.NumberTheory.PiExponent.Analysis.FormalLogTruncation (36s)
✔ [8971/9014] Built OAI.NumberTheory.PiExponent.LocalAlgebra.DVRValuationUnique (31s)
✔ [8972/9014] Built OAI.NumberTheory.PiExponent.Jets.DVRBranchOrder (24s)
✔ [8973/9014] Built OAI.NumberTheory.PiExponent.Analysis.AlgebraicLogarithmicObstruction (23s)
✔ [8974/9014] Built OAI.NumberTheory.PiExponent.Jets.ConormalPairing (14s)
✔ [8975/9014] Built OAI.NumberTheory.PiExponent.Jets.NormalFrameBasis (36s)
✔ [8976/9014] Built OAI.NumberTheory.PiExponent.Approximation.MatrixArithmetic (46s)
✔ [8977/9015] Built OAI.NumberTheory.PiExponent.Jets.DifferentialConstant (15s)
✔ [8978/9015] Built OAI.NumberTheory.PiExponent.Polynomials.AuxiliaryPolynomial (41s)
✔ [8979/9015] Built OAI.NumberTheory.PiExponent.Jets.PolynomialTangentDifferential (30s)
✔ [8980/9015] Built OAI.NumberTheory.PiExponent.Jets.FormalBranchEvaluation (35s)
✔ [8981/9017] Built OAI.NumberTheory.PiExponent.Jets.ResidueConormalPairing (10s)
✔ [8982/9021] Built OAI.NumberTheory.PiExponent.Jets.DVRBranch (23s)
✔ [8983/9021] Built OAI.NumberTheory.PiExponent.Approximation.RectangularVolume (23s)
✔ [8984/9021] Built OAI.NumberTheory.PiExponent.Jets.FormalJetIndices (24s)
✔ [8985/9021] Built OAI.NumberTheory.PiExponent.Jets.AuxiliaryJetMap (24s)
✔ [8986/9024] Built OAI.NumberTheory.PiExponent.Jets.OrdinaryAuxiliaryJet (33s)
✔ [8987/9025] Built OAI.NumberTheory.PiExponent.Jets.FilteredLength (26s)
✔ [8988/9028] Built OAI.NumberTheory.PiExponent.Jets.PrimeNormalCotangent (30s)
✔ [8989/9028] Built OAI.NumberTheory.PiExponent.Polynomials.PolynomialNormalNonzero (43s)
✔ [8990/9028] Built OAI.NumberTheory.PiExponent.Jets.DVRBranchJet (31s)
✔ [8991/9028] Built Logarithm.AdmissibleParameters (110s)
✔ [8992/9034] Built OAI.NumberTheory.PiExponent.Approximation.FormalMatrixBridge (32s)
✔ [8993/9034] Built OAI.NumberTheory.PiExponent.LocalAlgebra.QuotientLengthEquivalence (11s)
✔ [8994/9036] Built OAI.NumberTheory.PiExponent.LocalAlgebra.PrimeNormalKernel (17s)
✔ [8995/9036] Built OAI.NumberTheory.PiExponent.Jets.CommutingTaylor (41s)
✔ [8996/9036] Built OAI.NumberTheory.PiExponent.Jets.OrdinaryJetDerivatives (24s)
✔ [8997/9036] Built OAI.NumberTheory.PiExponent.Jets.GradedGeneration (29s)
✔ [8998/9040] Built OAI.NumberTheory.PiExponent.LocalAlgebra.LocalLengthTransport (10s)
✔ [8999/9045] Built OAI.NumberTheory.PiExponent.LocalAlgebra.LocalizedLengthEquivalence (10s)
✔ [9000/9045] Built OAI.NumberTheory.PiExponent.Approximation.FormalMatrixSurjectivity (24s)
✔ [9001/9045] Built OAI.NumberTheory.PiExponent.LocalAlgebra.WeightedBezout (21s)
✔ [9002/9048] Built OAI.NumberTheory.PiExponent.Polynomials.PolynomialCoefficientLocalization (15s)
✔ [9003/9048] Built OAI.NumberTheory.PiExponent.LocalAlgebra.PrimeNormalRigidity (40s)
✔ [9004/9048] Built OAI.NumberTheory.PiExponent.Polynomials.PolynomialLocalResidueResolution (17s)
✔ [9005/9048] Built OAI.NumberTheory.PiExponent.Jets.OrdinaryBranchEvaluation (24s)
✔ [9006/9048] Built OAI.NumberTheory.PiExponent.Jets.CotangentGeneration (23s)
✔ [9007/9048] Built OAI.NumberTheory.PiExponent.LocalAlgebra.LocalizationQuotientParameters (18s)
✔ [9008/9048] Built OAI.NumberTheory.PiExponent.LocalAlgebra.PointLengthEquiv (14s)
✔ [9009/9048] Built OAI.NumberTheory.PiExponent.LocalAlgebra.CoordinateTranscendenceLocalization (12s)
✔ [9010/9048] Built OAI.NumberTheory.PiExponent.Polynomials.RationalResidueCoefficientField (18s)
✔ [9011/9048] Built OAI.NumberTheory.PiExponent.Approximation.GenericNormalRigidity (32s)
✔ [9012/9048] Built OAI.NumberTheory.PiExponent.LocalAlgebra.PrimeResidueAlgebraEquiv (15s)
✔ [9013/9054] Built OAI.NumberTheory.PiExponent.LocalAlgebra.SeparablePointLength (43s)
✔ [9014/9054] Built OAI.NumberTheory.PiExponent.Polynomials.CoefficientLocalizationMaximal (11s)
✔ [9015/9054] Built OAI.NumberTheory.PiExponent.LocalAlgebra.CoordinateTranscendenceBasis (46s)
✔ [9016/9057] Built OAI.NumberTheory.PiExponent.Jets.OrdinaryDVRBranchJet (32s)
✔ [9017/9059] Built OAI.NumberTheory.PiExponent.Polynomials.Homogenization (8.3s)
✔ [9018/9059] Built OAI.NumberTheory.PiExponent.LocalAlgebra.LocalLength (7.0s)
✔ [9019/9063] Built OAI.NumberTheory.PiExponent.LocalAlgebra.FlatLocalLength (13s)
✔ [9020/9063] Built OAI.NumberTheory.PiExponent.Approximation.FibreNormalRigidity (56s)
✔ [9021/9063] Built OAI.NumberTheory.PiExponent.LocalAlgebra.LocalizedComponent (7.4s)
✔ [9022/9063] Built OAI.NumberTheory.PiExponent.LocalAlgebra.SplitCoordinateClosedPoint (15s)
✔ [9023/9063] Built OAI.NumberTheory.PiExponent.LocalAlgebra.CoordinateFiniteSlice (32s)
✔ [9024/9064] Built OAI.NumberTheory.PiExponent.LocalAlgebra.RegularDegreePositivity (13s)
✔ [9025/9066] Built OAI.NumberTheory.PiExponent.LocalAlgebra.GenericCombination (10s)
✔ [9026/9066] Built OAI.NumberTheory.PiExponent.LocalAlgebra.LocalizedRadical (8.2s)
✔ [9027/9066] Built OAI.NumberTheory.PiExponent.Jets.TransverseMultiplicity (46s)
✔ [9028/9066] Built OAI.NumberTheory.PiExponent.LocalAlgebra.ConeLocalLength (19s)
✔ [9029/9066] Built OAI.NumberTheory.PiExponent.LocalAlgebra.CyclicPrimeFactor (9.3s)
✔ [9030/9066] Built OAI.NumberTheory.PiExponent.LocalAlgebra.IsolatedIntersectionSteps (10s)
✔ [9031/9066] Built OAI.NumberTheory.PiExponent.LocalAlgebra.SubquotientLength (9.3s)
✔ [9032/9068] Built OAI.NumberTheory.PiExponent.Ampleness.LocalHomogeneousDegrees (14s)
✔ [9033/9068] Built OAI.NumberTheory.PiExponent.LocalAlgebra.SplitClosedPointCompatibility (17s)
✔ [9034/9068] Built OAI.NumberTheory.PiExponent.Approximation.GenericFibreRigidity (26s)
✔ [9035/9068] Built OAI.NumberTheory.PiExponent.LocalAlgebra.FiniteFreeExtTransfer (9.2s)
✔ [9036/9068] Built OAI.NumberTheory.PiExponent.LocalAlgebra.ConePrimeLocalization (15s)
✔ [9037/9074] Built OAI.NumberTheory.PiExponent.LocalAlgebra.LocalIntersectionLength (12s)
✔ [9038/9074] Built OAI.NumberTheory.PiExponent.LocalAlgebra.FreeResolutionAssociatedHeight (11s)
✔ [9039/9074] Built OAI.NumberTheory.PiExponent.Jets.TransverseWeightedMultiplicity (24s)
✔ [9040/9074] Built OAI.NumberTheory.PiExponent.Polynomials.ConeHomogeneousEquations (13s)
✔ [9041/9074] Built OAI.NumberTheory.PiExponent.Jets.TaylorRectangular (33s)
✔ [9042/9074] Built OAI.NumberTheory.PiExponent.Polynomials.PolynomialPrimeClosedPointEquiv (22s)
✔ [9043/9074] Built OAI.NumberTheory.PiExponent.Jets.RectangularCotangent (38s)
✔ [9044/9074] Built OAI.NumberTheory.PiExponent.Polynomials.PolynomialLocalUnmixedness (18s)
✔ [9045/9074] Built OAI.NumberTheory.PiExponent.Approximation.OrdinaryComponentRigidity (27s)
✔ [9046/9078] Built OAI.NumberTheory.PiExponent.LocalAlgebra.ConeEquationLength (15s)
✔ [9047/9078] Built OAI.NumberTheory.PiExponent.Geometry.ConePrimeProperties (16s)
✔ [9048/9091] Built OAI.NumberTheory.PiExponent.Jets.NormalBasisProducts (25s)
✔ [9049/9092] Built OAI.NumberTheory.PiExponent.LocalAlgebra.PairResolutionShortComplex (10s)
✔ [9050/9096] Built OAI.NumberTheory.PiExponent.Polynomials.HomogeneousSections (9.6s)
✔ [9051/9096] Built OAI.NumberTheory.PiExponent.Polynomials.HomogeneousPrimeFactor (10s)
✔ [9052/9103] Built OAI.NumberTheory.PiExponent.LocalAlgebra.ConeRegularSequence (17s)
✔ [9053/9106] Built OAI.NumberTheory.PiExponent.LocalAlgebra.RegularPairExtObstruction (10s)
✔ [9054/9106] Built OAI.NumberTheory.PiExponent.Jets.OrdinaryTaylor (28s)
✔ [9055/9106] Built OAI.NumberTheory.PiExponent.LocalAlgebra.StabilizedColonPowers (11s)
✔ [9056/9106] Built OAI.NumberTheory.PiExponent.LocalAlgebra.FiltrationLength (9.7s)
✔ [9057/9106] Built OAI.NumberTheory.PiExponent.Polynomials.HomogeneousPrimeFiltration (9.7s)
✔ [9058/9109] Built OAI.NumberTheory.PiExponent.Jets.PrimeTaylorCotangent (38s)
✔ [9059/9115] Built OAI.NumberTheory.PiExponent.Geometry.CurveZeroPole (319s)
✔ [9060/9115] Built OAI.NumberTheory.PiExponent.LocalAlgebra.LocalizedCyclicFactor (11s)
✔ [9061/9115] Built OAI.NumberTheory.PiExponent.LocalAlgebra.QuotientSections (16s)
✔ [9062/9115] Built OAI.NumberTheory.PiExponent.Polynomials.PolynomialAssociatedLocalization (12s)
✔ [9063/9115] Built OAI.NumberTheory.PiExponent.LocalAlgebra.PrimeHilbertDimension (9.8s)
✔ [9064/9115] Built OAI.NumberTheory.PiExponent.LocalAlgebra.LocalComponentDegree (12s)
✔ [9065/9115] Built OAI.NumberTheory.PiExponent.LocalAlgebra.CoordinateSliceLength (47s)
✔ [9066/9115] Built OAI.NumberTheory.PiExponent.Polynomials.PolynomialCumulative (12s)
✔ [9067/9115] Built OAI.NumberTheory.PiExponent.Polynomials.PolynomialGrowthRanks (11s)
✔ [9068/9115] Built OAI.NumberTheory.PiExponent.Polynomials.HomogeneousQuotientDimension (20s)
✔ [9069/9115] Built OAI.NumberTheory.PiExponent.Polynomials.HomogeneousIdealStep (18s)
✔ [9070/9116] Built OAI.NumberTheory.PiExponent.LocalAlgebra.PrimeHilbertDegree (18s)
✔ [9071/9116] Built OAI.NumberTheory.PiExponent.LocalAlgebra.RegularPrefixLocalization (16s)
✔ [9072/9116] Built OAI.NumberTheory.PiExponent.Geometry.NormalizationGrowth (16s)
✔ [9073/9118] Built OAI.NumberTheory.PiExponent.Polynomials.CoordinateQuotientGrading (24s)
✔ [9074/9118] Built OAI.NumberTheory.PiExponent.LocalAlgebra.LocalizedFiltrationLength (10s)
✔ [9075/9118] Built OAI.NumberTheory.PiExponent.LocalAlgebra.OrdinaryMultiplicity (35s)
✔ [9076/9118] Built OAI.NumberTheory.PiExponent.LocalAlgebra.HilbertGrowthComparison (9.8s)
✔ [9077/9118] Built OAI.NumberTheory.PiExponent.LocalAlgebra.PrimeHypersurfaceDimension (13s)
✔ [9078/9120] Built OAI.NumberTheory.PiExponent.LocalAlgebra.LocalPrefixCutDimension (12s)
✔ [9079/9120] Built OAI.NumberTheory.PiExponent.LocalAlgebra.QuotientLocalizedLength (11s)
✔ [9080/9124] Built OAI.NumberTheory.PiExponent.LocalAlgebra.RegularHilbertStep (25s)
✔ [9081/9124] Built OAI.NumberTheory.PiExponent.LocalAlgebra.CumulativeHilbertSections (19s)
✔ [9082/9124] Built OAI.NumberTheory.PiExponent.Geometry.FiniteNormalizationGrowth (19s)
✔ [9083/9127] Built OAI.NumberTheory.PiExponent.Polynomials.HomogeneousComponentLength (13s)
✔ [9084/9127] Built OAI.NumberTheory.PiExponent.LocalAlgebra.AffineTranscendenceDimension (16s)
✔ [9085/9127] Built OAI.NumberTheory.PiExponent.Polynomials.PolynomialMaximalHeight (11s)
✔ [9086/9127] Built OAI.NumberTheory.PiExponent.Analysis.HilbertSeries (11s)
✔ [9087/9129] Built OAI.NumberTheory.PiExponent.LocalAlgebra.RegularPrefixes (12s)
✔ [9088/9129] Built OAI.NumberTheory.PiExponent.Approximation.CoordinateSliceComparison (42s)
✔ [9089/9134] Built OAI.NumberTheory.PiExponent.LocalAlgebra.QuotientPrimeResidueBasis (13s)
✔ [9090/9134] Built OAI.NumberTheory.PiExponent.LocalAlgebra.ClosedPointLocalDimension (10s)
✔ [9091/9139] Built OAI.NumberTheory.PiExponent.LocalAlgebra.CoordinateBasisSplitting (23s)
✔ [9092/9139] Built OAI.NumberTheory.PiExponent.LocalAlgebra.AffineResidueTranscendence (18s)
✔ [9093/9139] Built OAI.NumberTheory.PiExponent.Polynomials.HilbertPolynomialBase (13s)
✔ [9094/9146] Built OAI.NumberTheory.PiExponent.LocalAlgebra.ColonHilbertStep (19s)
✔ [9095/9146] Built OAI.NumberTheory.PiExponent.LocalAlgebra.HilbertDifferenceDegree (15s)
✔ [9096/9146] Built OAI.NumberTheory.PiExponent.LocalAlgebra.LocalIntersectionPrimeFiltration (10s)
✔ [9097/9146] Built OAI.NumberTheory.PiExponent.Cohomology.EndomorphismEulerAdditivity (20s)
✔ [9098/9146] Built OAI.NumberTheory.PiExponent.LocalAlgebra.AffinePrimeDimensionBridge (13s)
✔ [9099/9154] Built OAI.NumberTheory.PiExponent.LocalAlgebra.LocalIntersectionTransport (18s)
✔ [9100/9154] Built OAI.NumberTheory.PiExponent.Analysis.RegularSequenceSeries (12s)
✔ [9101/9154] Built OAI.NumberTheory.PiExponent.LocalAlgebra.HilbertZeroVariables (10s)
✔ [9102/9156] Built OAI.NumberTheory.PiExponent.Analysis.ColonSeriesTelescope (12s)
✔ [9103/9156] Built OAI.NumberTheory.PiExponent.Geometry.CurveValuationCenter (106s)
✔ [9104/9156] Built OAI.NumberTheory.PiExponent.LocalAlgebra.LocalIntersectionPrimeFactors (11s)
✔ [9105/9156] Built OAI.NumberTheory.PiExponent.LocalAlgebra.ParameterKilledFiniteLength (13s)
✔ [9106/9158] Built OAI.NumberTheory.PiExponent.LocalAlgebra.LocalPrimeTower (10s)
✔ [9107/9158] Built OAI.NumberTheory.PiExponent.LocalAlgebra.LocalIntersectionExactStep (14s)
✔ [9108/9158] Built OAI.NumberTheory.PiExponent.LocalAlgebra.CompleteIntersectionHilbert (13s)
✔ [9109/9158] Built OAI.NumberTheory.PiExponent.LocalAlgebra.ParameterCombinations (7.8s)
✔ [9110/9159] Built OAI.NumberTheory.PiExponent.LocalAlgebra.HilbertDenominatorReduction (10s)
✔ [9111/9159] Built OAI.NumberTheory.PiExponent.LocalAlgebra.LocalIntersectionDimensionOne (9.8s)
✔ [9112/9159] Built OAI.NumberTheory.PiExponent.LocalAlgebra.LocalizedMinimalPrimeFamily (8.4s)
✔ [9113/9159] Built OAI.NumberTheory.PiExponent.LocalAlgebra.RegularParameterAvoidance (9.6s)
✔ [9114/9161] Built OAI.NumberTheory.PiExponent.LocalAlgebra.AffineClosedPointLocalization (75s)
✔ [9115/9161] Built OAI.NumberTheory.PiExponent.Cohomology.LocalIntersectionEulerFiltration (13s)
✔ [9116/9161] Built OAI.NumberTheory.PiExponent.LocalAlgebra.FinsuppCandidates (7.5s)
✔ [9117/9161] Built OAI.NumberTheory.PiExponent.LocalAlgebra.PositiveDimensionalHilbert (13s)
✔ [9118/9167] Built OAI.NumberTheory.PiExponent.Polynomials.HomogeneousHilbertExistence (11s)
✔ [9119/9167] Built OAI.NumberTheory.PiExponent.LocalAlgebra.FiniteFreeResolutionExt (13s)
✔ [9120/9170] Built OAI.NumberTheory.PiExponent.LocalAlgebra.RegularParameterSelection2 (11s)
✔ [9121/9181] Built OAI.NumberTheory.PiExponent.Geometry.PlaceValuationRing (28s)
✔ [9122/9181] Built OAI.NumberTheory.PiExponent.Cohomology.LocalIntersectionRegularEuler (15s)
✔ [9123/9181] Built OAI.NumberTheory.PiExponent.LocalAlgebra.RegularSequenceResolution (18s)
✔ [9124/9181] Built OAI.NumberTheory.PiExponent.Polynomials.ColonHilbertPolynomial (12s)
✔ [9125/9181] Built OAI.NumberTheory.PiExponent.Polynomials.HomogeneousHilbertPolynomial (10s)
✔ [9126/9181] Built OAI.NumberTheory.PiExponent.LocalAlgebra.RegularSequenceHomZero (9.0s)
✔ [9127/9189] Built OAI.NumberTheory.PiExponent.LocalAlgebra.RegularSequenceQuotientTail (11s)
✔ [9128/9189] Built OAI.NumberTheory.PiExponent.Polynomials.PolynomialPrimeDimension (25s)
✔ [9129/9189] Built OAI.NumberTheory.PiExponent.LocalAlgebra.LocalIntersectionMinimalSum (14s)
✔ [9130/9189] Built OAI.NumberTheory.PiExponent.LocalAlgebra.ConeComplex (12s)
✔ [9131/9190] Built OAI.NumberTheory.PiExponent.LocalAlgebra.ConeQuotientAugmentation (12s)
✔ [9132/9190] Built OAI.NumberTheory.PiExponent.LocalAlgebra.KoszulDualCone (17s)
✔ [9133/9190] Built OAI.NumberTheory.PiExponent.Geometry.ProperHypersurfaceHilbert (15s)
✔ [9134/9190] Built OAI.NumberTheory.PiExponent.LocalAlgebra.PrimeDegreeExistence (13s)
✔ [9135/9192] Built OAI.NumberTheory.PiExponent.LocalAlgebra.PrimeHilbertComparison (20s)
✔ [9136/9192] Built OAI.NumberTheory.PiExponent.LocalAlgebra.PrimeHypersurfaceEquidimension (12s)
✔ [9137/9192] Built OAI.NumberTheory.PiExponent.Polynomials.PolynomialCoordinateMinpolyQuotient (13s)
✔ [9138/9192] Built OAI.NumberTheory.PiExponent.LocalAlgebra.RegularSequenceAugmentation (10s)
✔ [9139/9192] Built OAI.NumberTheory.PiExponent.LocalAlgebra.KoszulFiniteFree (9.9s)
✔ [9140/9192] Built OAI.NumberTheory.PiExponent.LocalAlgebra.LocalIntersectionQuotientTransport (17s)
✔ [9141/9200] Built OAI.NumberTheory.PiExponent.LocalAlgebra.KoszulDualTransport (13s)
✔ [9142/9200] Built OAI.NumberTheory.PiExponent.LocalAlgebra.KoszulDualEndpoint (13s)
✔ [9143/9201] Built OAI.NumberTheory.PiExponent.LocalAlgebra.TriangularLocalParameters (11s)
✔ [9144/9201] Built OAI.NumberTheory.PiExponent.Polynomials.HilbertPolynomial (13s)
✔ [9145/9201] Built OAI.NumberTheory.PiExponent.LocalAlgebra.KoszulBounded (9.9s)
✔ [9146/9201] Built OAI.NumberTheory.PiExponent.LocalAlgebra.LocalIntersectionFormula (9.2s)
✔ [9147/9202] Built OAI.NumberTheory.PiExponent.LocalAlgebra.KoszulDualBottom (10s)
✔ [9148/9207] Built OAI.NumberTheory.PiExponent.LocalAlgebra.TriangularLocalParametersAssembly (10s)
✔ [9149/9207] Built OAI.NumberTheory.PiExponent.LocalAlgebra.HilbertMultiplicityFiltration (7.2s)
✔ [9150/9207] Built OAI.NumberTheory.PiExponent.LocalAlgebra.KoszulTopTerm (6.3s)
✔ [9151/9207] Built OAI.NumberTheory.PiExponent.LocalAlgebra.IteratedKoszulExactness (9.3s)
✔ [9152/9207] Built OAI.NumberTheory.PiExponent.LocalAlgebra.LocalizedOneCutPropagation (6.9s)
✔ [9153/9207] Built OAI.NumberTheory.PiExponent.LocalAlgebra.KoszulDualStep (7.5s)
✔ [9154/9207] Built OAI.NumberTheory.PiExponent.LocalAlgebra.TriangularLocalParametersTransport (6.9s)
✔ [9155/9207] Built OAI.NumberTheory.PiExponent.Approximation.FrameResidueDirections (23s)
✔ [9156/9207] Built OAI.NumberTheory.PiExponent.LocalAlgebra.RamifiedLocalization (62s)
✔ [9157/9207] Built OAI.NumberTheory.PiExponent.LocalAlgebra.RamifiedLocalLength (54s)
✔ [9158/9207] Built OAI.NumberTheory.PiExponent.LocalAlgebra.ComponentMultiplicitySum (15s)
✔ [9159/9208] Built OAI.NumberTheory.PiExponent.Polynomials.PowerCoverExponents (43s)
✔ [9160/9208] Built OAI.NumberTheory.PiExponent.Geometry.CurveComponentRigidity (42s)
✔ [9161/9208] Built OAI.NumberTheory.PiExponent.Jets.FrameTransverseMultiplicity (29s)
✔ [9162/9208] Built OAI.NumberTheory.PiExponent.LocalAlgebra.ComponentMultiplicityBound (16s)
✔ [9163/9208] Built OAI.NumberTheory.PiExponent.LocalAlgebra.RegularSequenceExt (15s)
✔ [9164/9210] Built OAI.NumberTheory.PiExponent.LocalAlgebra.PrimeCutBudget (15s)
✔ [9165/9210] Built OAI.NumberTheory.PiExponent.Polynomials.PolynomialLocalRegularParameters (16s)
✔ [9166/9210] Built OAI.NumberTheory.PiExponent.Jets.KoszulTopDifferential (16s)
✔ [9167/9210] Built OAI.NumberTheory.PiExponent.LocalAlgebra.RamifiedPointMap (26s)
✔ [9168/9219] Built OAI.NumberTheory.PiExponent.LocalAlgebra.RegularSequenceExtObstruction (16s)
✔ [9169/9224] Built OAI.NumberTheory.PiExponent.LocalAlgebra.CompleteIntersectionComponentBound (18s)
✔ [9170/9224] Built OAI.NumberTheory.PiExponent.LocalAlgebra.RetainedIntersectionCycles (18s)
✔ [9171/9224] Built Logarithm.AuxiliaryJet (27s)
✔ [9172/9224] Built OAI.NumberTheory.PiExponent.Polynomials.PowerCoverSubstitution (23s)
✔ [9173/9231] Built OAI.NumberTheory.PiExponent.LocalAlgebra.KoszulTopAugmentation (15s)
✔ [9174/9231] Built OAI.NumberTheory.PiExponent.LocalAlgebra.PrimeFrameMultiplicity (29s)
✔ [9175/9233] Built OAI.NumberTheory.PiExponent.LocalAlgebra.RetainedMinimalPrimeFamily (13s)
✔ [9176/9236] Built OAI.NumberTheory.PiExponent.Geometry.CurvePrimeHeight (16s)
✔ [9177/9236] Built OAI.NumberTheory.PiExponent.Approximation.FibreWeightSeparation (24s)
✔ [9178/9236] Built OAI.NumberTheory.PiExponent.LocalAlgebra.KoszulDualInitial (15s)
✔ [9179/9236] Built OAI.NumberTheory.PiExponent.Jets.FormalAuxiliaryJet (24s)
✔ [9180/9236] Built OAI.NumberTheory.PiExponent.LocalAlgebra.EquidimensionalRetainedCut (14s)
✔ [9181/9236] Built OAI.NumberTheory.PiExponent.LocalAlgebra.NaturalMultiplicityPropagation (16s)
✔ [9182/9236] Built OAI.NumberTheory.PiExponent.Polynomials.PowerCoverBasis (34s)
✔ [9183/9237] Built Quadratic.Order (15s)
✔ [9184/9241] Built OAI.NumberTheory.PiExponent.LocalAlgebra.WeightedLocalLattice (27s)
✔ [9185/9241] Built OAI.NumberTheory.PiExponent.LocalAlgebra.ParameterResidueField (33s)
✔ [9186/9245] Built Logarithm.RationalCenters (21s)
✔ [9187/9245] Built OAI.NumberTheory.PiExponent.LocalAlgebra.RegularSequenceDualExactness (16s)
✔ [9188/9247] Built OAI.NumberTheory.PiExponent.LocalAlgebra.MultiplicityCycles (17s)
✔ [9189/9247] Built OAI.NumberTheory.PiExponent.Geometry.CurveProductFormula (212s)
✔ [9190/9247] Built OAI.NumberTheory.PiExponent.Analysis.FormalLogTailOrder (23s)
✔ [9191/9247] Built OAI.NumberTheory.PiExponent.LocalAlgebra.RegularSequenceLowExt (13s)
✔ [9192/9247] Built OAI.NumberTheory.PiExponent.Jets.FormalBranchCoordinates (23s)
✔ [9193/9251] Built OAI.NumberTheory.PiExponent.Jets.BranchContactIdeal (26s)
✔ [9194/9251] Built OAI.NumberTheory.PiExponent.Jets.PolynomialJetPackets (22s)
✔ [9195/9253] Built OAI.NumberTheory.PiExponent.Polynomials.TranslatedPowerCover (29s)
✔ [9196/9253] Built OAI.NumberTheory.PiExponent.Polynomials.PolynomialLocalLowExt (13s)
✔ [9197/9253] Built OAI.NumberTheory.PiExponent.LocalAlgebra.RegularCutHistory (29s)
✔ [9198/9253] Built OAI.NumberTheory.PiExponent.Jets.FormalBranchContact (25s)
✔ [9199/9253] Built OAI.NumberTheory.PiExponent.Geometry.CurveContactSum (35s)
✔ [9200/9253] Built OAI.NumberTheory.PiExponent.Jets.AlgebraicJetPackets (43s)
✔ [9201/9253] Built OAI.NumberTheory.PiExponent.LocalAlgebra.RegularParameterSelection (32s)
✔ [9202/9254] Built OAI.NumberTheory.PiExponent.Geometry.PlaceParameterModel (63s)
✔ [9203/9254] Built OAI.NumberTheory.PiExponent.Polynomials.HomogeneousListHistory (33s)
✔ [9204/9255] Built OAI.NumberTheory.PiExponent.Analysis.LogarithmicContactIdeal (37s)
✔ [9205/9255] Built OAI.NumberTheory.PiExponent.LocalAlgebra.RamifiedPowerLength (73s)
✔ [9206/9255] Built OAI.NumberTheory.PiExponent.LocalAlgebra.FibreContact (30s)
✔ [9207/9255] Built OAI.NumberTheory.PiExponent.Geometry.CurveCenters (29s)
✔ [9208/9261] Built OAI.NumberTheory.PiExponent.LocalAlgebra.AffineLocalRegularBezout (29s)
✔ [9209/9261] Built OAI.NumberTheory.PiExponent.Geometry.PlaceLocalRing (35s)
✔ [9210/9262] Built OAI.NumberTheory.PiExponent.Jets.CompactJetPolynomial (43s)
✔ [9211/9262] Built OAI.NumberTheory.PiExponent.LocalAlgebra.LocalBezout (23s)
✔ [9212/9266] Built OAI.NumberTheory.PiExponent.Ampleness.ReesPushdown (125s)
✔ [9213/9266] Built OAI.NumberTheory.PiExponent.Approximation.OpenBaseChange (72s)
✔ [9214/9284] Built OAI.NumberTheory.PiExponent.Jets.CompactJetIdeal (62s)
✔ [9215/9299] Built OAI.NumberTheory.PiExponent.LocalAlgebra.WeightedBezoutBound (65s)
✔ [9216/9303] Built OAI.NumberTheory.PiExponent.Geometry.PlaceCenteredBranch (93s)
✔ [9217/9303] Built OAI.NumberTheory.PiExponent.Cohomology.FiniteCoverCohomology (236s)
✔ [9218/9303] Built OAI.NumberTheory.PiExponent.Geometry.LineBundleTensor (231s)
✔ [9219/9303] Built OAI.NumberTheory.PiExponent.Approximation.GlobalSectionClearing (160s)
✔ [9220/9303] Built OAI.NumberTheory.PiExponent.Ampleness.CoherentAffineFinite (146s)
✔ [9221/9303] Built OAI.NumberTheory.PiExponent.LocalAlgebra.CoordinateContactBound (47s)
✔ [9222/9303] Built Logarithm.GeneralizedCenters (29s)
✔ [9223/9303] Built OAI.NumberTheory.PiExponent.LocalAlgebra.PrimeWeightedBezout (50s)
✔ [9224/9304] Built OAI.NumberTheory.PiExponent.Geometry.CurveContactFamily (37s)
✔ [9225/9304] Built OAI.NumberTheory.PiExponent.Geometry.ProjectiveCharts (66s)
✔ [9226/9304] Built OAI.NumberTheory.PiExponent.Ampleness.BlowupSchemeExt (68s)
✔ [9227/9304] Built OAI.NumberTheory.PiExponent.Ampleness.AmpleIso (29s)
✔ [9228/9308] Built OAI.NumberTheory.PiExponent.Approximation.LinePullback (33s)
✔ [9229/9308] Built Logarithm.Scaling (38s)
✔ [9230/9308] Built OAI.NumberTheory.PiExponent.Approximation.OrdinarySliceComparison (35s)
✔ [9231/9308] Built OAI.NumberTheory.PiExponent.Polynomials.FrameCoefficients (50s)
✔ [9232/9308] Built OAI.NumberTheory.PiExponent.Jets.TransverseSliceComparison (41s)
✔ [9233/9308] Built OAI.NumberTheory.PiExponent.Geometry.PolynomialProjectiveStructure (31s)
✔ [9234/9310] Built Logarithm.JetIdeals (33s)
✔ [9235/9310] Built Logarithm.ScaledTruncation (26s)
✔ [9236/9310] Built Logarithm.BranchOrder (28s)
✔ [9237/9310] Built OAI.NumberTheory.PiExponent.Approximation.TensorPure (101s)
✔ [9238/9310] Built Logarithm.ScalingMonomials (27s)
✔ [9239/9316] Built OAI.NumberTheory.PiExponent.Approximation.FrameSubopens (26s)
✔ [9240/9318] Built OAI.NumberTheory.PiExponent.Geometry.ProjectiveChartOverlaps (57s)
✔ [9241/9318] Built OAI.NumberTheory.PiExponent.Cohomology.ProjectiveMonomialCech (8.1s)
✔ [9242/9318] Built Logarithm.ContactFamily (33s)
✔ [9243/9321] Built Logarithm.ScaledMatrix (38s)
✔ [9244/9321] Built OAI.NumberTheory.PiExponent.Approximation.PushforwardTensor (44s)
✔ [9245/9321] Built OAI.NumberTheory.PiExponent.Approximation.FrameSections (63s)
✔ [9246/9321] Built OAI.NumberTheory.PiExponent.Approximation.CoherentTwistPresentation (169s)
✔ [9247/9321] Built Logarithm.ConstantFiber (45s)
✔ [9248/9325] Built OAI.NumberTheory.PiExponent.Approximation.PersistentWeightComparison (127s)
✔ [9249/9325] Built OAI.NumberTheory.PiExponent.Cohomology.ProjectiveLaurentVertex (91s)
✔ [9250/9325] Built Logarithm.ScaledArithmetic (66s)
✔ [9251/9325] Built OAI.NumberTheory.PiExponent.Geometry.ProjectiveChartRingNaturalityCore (114s)
✔ [9252/9325] Built OAI.NumberTheory.PiExponent.Approximation.FrameTensorPowers (167s)
✔ [9253/9325] Built OAI.NumberTheory.PiExponent.Geometry.LineBundleGluing (117s)
✔ [9254/9325] Built OAI.NumberTheory.PiExponent.Approximation.TensorOpenBaseChange (116s)
✔ [9255/9327] Built Logarithm.CurveWeights (39s)
✔ [9256/9327] Built OAI.NumberTheory.PiExponent.Geometry.WeightedCurveRigidity (53s)
✔ [9257/9327] Built OAI.NumberTheory.PiExponent.Geometry.AdmissibleCurveWeights (53s)
✔ [9258/9327] Built OAI.NumberTheory.PiExponent.Approximation.SectionOpens (92s)
✔ [9259/9327] Built OAI.NumberTheory.PiExponent.Approximation.SectionPullback (125s)
✔ [9260/9330] Built OAI.NumberTheory.PiExponent.Approximation.TwistSections (88s)
✔ [9261/9330] Built OAI.NumberTheory.PiExponent.LocalAlgebra.IdealModule (98s)
✔ [9262/9330] Built OAI.NumberTheory.PiExponent.Approximation.LinePowerLaws (103s)
✔ [9263/9330] Built OAI.NumberTheory.PiExponent.Geometry.CurveFieldRigidity (64s)
✔ [9264/9330] Built OAI.NumberTheory.PiExponent.Approximation.FramedPullback (60s)
✔ [9265/9330] Built OAI.NumberTheory.PiExponent.Geometry.ProjectiveChartSections (67s)
✔ [9266/9330] Built OAI.NumberTheory.PiExponent.Geometry.ProjectiveRatioCocycle (67s)
✔ [9267/9330] Built OAI.NumberTheory.PiExponent.Geometry.LineBundleGluingTransitions (67s)
✔ [9268/9330] Built OAI.NumberTheory.PiExponent.Geometry.ProjectiveCoordinates (58s)
✔ [9269/9330] Built OAI.NumberTheory.PiExponent.Geometry.ProjectiveChartRingNaturality (75s)
✔ [9270/9330] Built OAI.NumberTheory.PiExponent.Polynomials.PullbackFrameCoefficient (26s)
✔ [9271/9330] Built Logarithm.DerivativeVanishing (22s)
✔ [9272/9330] Built OAI.NumberTheory.PiExponent.Approximation.IntegralLineSections (35s)
✔ [9273/9330] Built OAI.NumberTheory.PiExponent.Ampleness.BlowupIdeal (47s)
✔ [9274/9330] Built OAI.NumberTheory.PiExponent.Approximation.LinePullbackPowers (48s)
✔ [9275/9330] Built OAI.NumberTheory.PiExponent.Geometry.LineBundleGluingSections (52s)
✔ [9276/9330] Built Logarithm.CurveRigidity (28s)
✔ [9277/9330] Built OAI.NumberTheory.PiExponent.Approximation.TensorPowerRestriction (130s)
✔ [9278/9331] Built OAI.NumberTheory.PiExponent.Geometry.ProjectiveCoordinateValues (18s)
✔ [9279/9331] Built OAI.NumberTheory.PiExponent.Cohomology.CurveDerivativeVanishing (39s)
✔ [9280/9331] Built OAI.NumberTheory.PiExponent.Geometry.ProjectiveFrameNaturality (33s)
✔ [9281/9331] Built OAI.NumberTheory.PiExponent.Geometry.ProjectiveFramedAtlas (20s)
✔ [9282/9331] Built OAI.NumberTheory.PiExponent.Geometry.ProjectivePullbackFrames (20s)
✔ [9283/9337] Built OAI.NumberTheory.PiExponent.Geometry.ProjectiveEmbeddingCharts (25s)
✔ [9284/9337] Built OAI.NumberTheory.PiExponent.Ampleness.ClosedAmpleRestriction (19s)
✔ [9285/9337] Built OAI.NumberTheory.PiExponent.Geometry.LineBundleProduct (22s)
✔ [9286/9337] Built OAI.NumberTheory.PiExponent.Geometry.ProjectiveO1Sections (20s)
✔ [9287/9337] Built Logarithm.CurveInequality (25s)
✔ [9288/9337] Built OAI.NumberTheory.PiExponent.Approximation.SectionPowerOpens (20s)
✔ [9289/9337] Built OAI.NumberTheory.PiExponent.Polynomials.GradedSubring (20s)
✔ [9290/9337] Built OAI.NumberTheory.PiExponent.Ampleness.ReesExceptional (39s)
✔ [9291/9337] Built OAI.NumberTheory.PiExponent.Geometry.CurveInequality (26s)
✔ [9292/9343] Built OAI.NumberTheory.PiExponent.Geometry.ProjectiveSectionsPullback (24s)
✔ [9293/9343] Built OAI.NumberTheory.PiExponent.Polynomials.WeightedMonomialMap (24s)
✔ [9294/9343] Built OAI.NumberTheory.PiExponent.Ampleness.AmpleCommonDegree (23s)
✔ [9295/9344] Built OAI.NumberTheory.PiExponent.Geometry.ProjectiveFramedSections (45s)
✔ [9296/9344] Built OAI.NumberTheory.PiExponent.Approximation.PowerSectionExtension (36s)
✔ [9297/9344] Built OAI.NumberTheory.PiExponent.Approximation.TensorSectionOpen (36s)
✔ [9298/9344] Built OAI.NumberTheory.PiExponent.Geometry.CurveInequalityIntrinsic (24s)
✔ [9299/9344] Built OAI.NumberTheory.PiExponent.Ampleness.ReesPrincipalLift (34s)
✔ [9300/9346] Built OAI.NumberTheory.PiExponent.Polynomials.SurjectiveGradedMap (19s)
✔ [9301/9351] Built OAI.NumberTheory.PiExponent.Approximation.WeightedGeometryScale (18s)
✔ [9302/9351] Built OAI.NumberTheory.PiExponent.Approximation.SectionPowerFrames (52s)
✔ [9303/9351] Built OAI.NumberTheory.PiExponent.Polynomials.WeightedMonomialImage (29s)
✔ [9304/9353] Built OAI.NumberTheory.PiExponent.Ampleness.ReesUniversalUniqueness (56s)
✔ [9305/9353] Built OAI.NumberTheory.PiExponent.Ampleness.AmpleProjectiveSections (21s)
✔ [9306/9353] Built Logarithm.CurveInequalityIntrinsic (15s)
✔ [9307/9354] Built OAI.NumberTheory.PiExponent.LocalAlgebra.InvertibleIdealLocal (28s)
✔ [9308/9354] Built OAI.NumberTheory.PiExponent.LocalAlgebra.FiniteGlobalPresentation (184s)
✔ [9309/9354] Built Logarithm.GeometryData (16s)
✔ [9310/9354] Built OAI.NumberTheory.PiExponent.Ampleness.AmpleFromCover (20s)
✔ [9311/9354] Built OAI.NumberTheory.PiExponent.Geometry.CurveNormalizationModel (36s)
✔ [9312/9354] Built OAI.NumberTheory.PiExponent.Ampleness.AffineBlowupUniversal (21s)
✔ [9313/9354] Built OAI.NumberTheory.PiExponent.LocalAlgebra.SectionImageIdeal (36s)
✔ [9314/9354] Built OAI.NumberTheory.PiExponent.LocalAlgebra.GlobalInvertibleIdeal (24s)
✔ [9315/9358] Built OAI.NumberTheory.PiExponent.Approximation.InverseFrames (24s)
✔ [9316/9365] Built OAI.NumberTheory.PiExponent.Geometry.ProjectiveCoordinateSections (56s)
✔ [9317/9365] Built OAI.NumberTheory.PiExponent.Geometry.LineBundleCoherent (31s)
✔ [9318/9365] Built Logarithm.ApproximationGeometry (20s)
✔ [9319/9365] Built OAI.NumberTheory.PiExponent.Ampleness.BlowupUniversalBaseChange (21s)
✔ [9320/9365] Built OAI.NumberTheory.PiExponent.Geometry.SheafificationUnitIso (21s)
✔ [9321/9365] Built OAI.NumberTheory.PiExponent.Geometry.CurveNormalizationLocalRing (27s)
✔ [9322/9365] Built OAI.NumberTheory.PiExponent.Approximation.WeightedCompactification (69s)
✔ [9323/9365] Built OAI.NumberTheory.PiExponent.Approximation.ClosedPushforwardAffine (46s)
✔ [9324/9365] Built OAI.NumberTheory.PiExponent.Geometry.ProjectiveCoordinateFiniteSections (22s)
✔ [9325/9365] Built OAI.NumberTheory.PiExponent.Polynomials.FrameCoefficientLaws (19s)
✔ [9326/9365] Built Quadratic.PeriodData (18s)
✔ [9327/9365] Built OAI.NumberTheory.PiExponent.Ampleness.GlobalBlowupGluing (19s)
✔ [9328/9365] Built OAI.NumberTheory.PiExponent.Geometry.CurveProperExtension (18s)
✔ [9329/9367] Built OAI.NumberTheory.PiExponent.Approximation.SectionImageSupport (30s)
✔ [9330/9367] Built OAI.NumberTheory.PiExponent.Geometry.ProjectiveDenseChart (18s)
⚠ [9331/9368] Built Quadratic.Contexts (18s)
warning: Quadratic/Contexts.lean:14:4: try 'simp' instead of 'simpa'

Note: This linter can be disabled with `set_option linter.unnecessarySimpa false`
warning: Quadratic/Contexts.lean:33:4: try 'simp' instead of 'simpa'

Note: This linter can be disabled with `set_option linter.unnecessarySimpa false`
✔ [9332/9368] Built OAI.NumberTheory.PiExponent.Approximation.FrameSubopensCoherence (54s)
✔ [9333/9370] Built OAI.NumberTheory.PiExponent.Ampleness.GlobalBlowupRestriction (19s)
✔ [9334/9370] Built OAI.NumberTheory.PiExponent.Approximation.ClosedPushforwardCoherent (29s)
✔ [9335/9370] Built OAI.NumberTheory.PiExponent.Ampleness.BlowupComplement (18s)
✔ [9336/9370] Built OAI.NumberTheory.PiExponent.Approximation.ModuleLinePowerLaws (47s)
✔ [9337/9374] Built OAI.NumberTheory.PiExponent.Geometry.ProjectiveCoordinateRingNaturality (37s)
✔ [9338/9374] Built OAI.NumberTheory.PiExponent.Geometry.ProjectiveSpaceIntegral (17s)
✔ [9339/9374] Built OAI.NumberTheory.PiExponent.Geometry.SheafSectionGluing (18s)
✔ [9340/9374] Built OAI.NumberTheory.PiExponent.Jets.CompactJetIdealCoherent (27s)
✔ [9341/9374] Built OAI.NumberTheory.PiExponent.Ampleness.BlowupProperIntegral (27s)
✔ [9342/9378] Built OAI.NumberTheory.PiExponent.Approximation.WeightedCompactificationImmersion (70s)
✔ [9343/9378] Built OAI.NumberTheory.PiExponent.Cohomology.ProjectiveMonomialCechHigher (7.6s)
✔ [9344/9378] Built OAI.NumberTheory.PiExponent.Geometry.ProjectiveCoordinateConstants (30s)
✔ [9345/9378] Built OAI.NumberTheory.PiExponent.Jets.CompactLogJetIdeal (22s)
✔ [9346/9381] Built OAI.NumberTheory.PiExponent.Approximation.TensorMixedSection (34s)
✔ [9347/9383] Built OAI.NumberTheory.PiExponent.Geometry.LineBundleFrameCocycle (58s)
✔ [9348/9383] Built OAI.NumberTheory.PiExponent.Approximation.TwistSectionScalars (65s)
✔ [9349/9383] Built OAI.NumberTheory.PiExponent.Cohomology.CechOne (29s)
✔ [9350/9383] Built OAI.NumberTheory.PiExponent.Geometry.WeightedProjectiveStructure (19s)
✔ [9351/9385] Built Logarithm.CompactJetIdeal (17s)
✔ [9352/9385] Built OAI.NumberTheory.PiExponent.Approximation.TwistPowerSection (22s)
✔ [9353/9385] Built OAI.NumberTheory.PiExponent.Approximation.CocycleTensor (71s)
✔ [9354/9388] Built OAI.NumberTheory.PiExponent.Cohomology.FreeCechResolution (28s)
✔ [9355/9388] Built OAI.NumberTheory.PiExponent.Geometry.ProjectiveO1ChartMap (38s)
✔ [9356/9388] Built OAI.NumberTheory.PiExponent.Cohomology.CurveEuler (42s)
✔ [9357/9390] Built OAI.NumberTheory.PiExponent.LocalAlgebra.TwistLocalExtension (31s)
✔ [9358/9394] Built OAI.NumberTheory.PiExponent.Approximation.TwistSectionClearing (43s)
✔ [9359/9394] Built OAI.NumberTheory.PiExponent.Geometry.ProjectiveO1LocalIdentity (18s)
✔ [9360/9395] Built OAI.NumberTheory.PiExponent.Geometry.ProjectiveMonomialFinite (21s)
✔ [9361/9395] Built OAI.NumberTheory.PiExponent.Approximation.CocycleTensorIso (34s)
✔ [9362/9395] Built OAI.NumberTheory.PiExponent.Approximation.WeightedCompactificationGeometry (43s)
✔ [9363/9395] Built OAI.NumberTheory.PiExponent.Cohomology.CechHigher (54s)
✔ [9364/9395] Built OAI.NumberTheory.PiExponent.Cohomology.SerreVanishing (21s)
✔ [9365/9395] Built OAI.NumberTheory.PiExponent.LocalAlgebra.SerreDimensionShift (22s)
✔ [9366/9395] Built OAI.NumberTheory.PiExponent.Geometry.WeightedProjectiveLineBundle (52s)
✔ [9367/9396] Built OAI.NumberTheory.PiExponent.Geometry.LineBundleInverse (20s)
✔ [9368/9396] Built OAI.NumberTheory.PiExponent.Cohomology.ProjectiveMonomialCohomology (26s)
✔ [9369/9397] Built OAI.NumberTheory.PiExponent.Approximation.TwistGlobalExtension (47s)
✔ [9370/9397] Built OAI.NumberTheory.PiExponent.Cohomology.ProjectiveTwistCech (24s)
✔ [9371/9400] Built OAI.NumberTheory.PiExponent.Geometry.ProjectiveO1Morphism (40s)
✔ [9372/9400] Built OAI.NumberTheory.PiExponent.Approximation.GlueGlobalGenerators (80s)
✔ [9373/9404] Built OAI.NumberTheory.PiExponent.Cohomology.FreeCechSections (35s)
✔ [9374/9404] Built OAI.NumberTheory.PiExponent.Approximation.InverseDualRestriction (23s)
✔ [9375/9404] Built OAI.NumberTheory.PiExponent.Cohomology.ProjectiveLaurentTransitions (25s)
✔ [9376/9404] Built OAI.NumberTheory.PiExponent.Approximation.WeightedAffineParametrization (52s)
✔ [9377/9404] Built OAI.NumberTheory.PiExponent.Approximation.NoetherianPowerExtension (28s)
✔ [9378/9404] Built OAI.NumberTheory.PiExponent.Geometry.ProjectiveO1Identity (21s)
✔ [9379/9406] Built OAI.NumberTheory.PiExponent.Geometry.ProjectiveCoordinateFiniteValues (30s)
✔ [9380/9406] Built OAI.NumberTheory.PiExponent.Geometry.ProjectiveCoordinateRatios (33s)
✔ [9381/9406] Built OAI.NumberTheory.PiExponent.Approximation.TwistPresentations (66s)
✔ [9382/9406] Built OAI.NumberTheory.PiExponent.Geometry.ProjectiveTupleCharts (29s)
✔ [9383/9409] Built OAI.NumberTheory.PiExponent.Cohomology.ProjectiveTwistAcyclicity (33s)
✔ [9384/9409] Built OAI.NumberTheory.PiExponent.Geometry.CurveMonomialMap (23s)
✔ [9385/9409] Built OAI.NumberTheory.PiExponent.LocalAlgebra.SectionZeroIdeal (25s)
✔ [9386/9410] Built OAI.NumberTheory.PiExponent.Cohomology.CechLinear (45s)
✔ [9387/9410] Built OAI.NumberTheory.PiExponent.Ampleness.ProjectiveO1Ample (15s)
✔ [9388/9412] Built OAI.NumberTheory.PiExponent.Ampleness.NoetherianAmpleProjectiveSections (22s)
✔ [9389/9412] Built OAI.NumberTheory.PiExponent.Ampleness.AmpleGlobalGeneration (57s)
✔ [9390/9412] Built OAI.NumberTheory.PiExponent.Geometry.ProjectiveCoordinateTransitions (23s)
✔ [9391/9412] Built OAI.NumberTheory.PiExponent.Approximation.SectionZeroSupport (22s)
✔ [9392/9412] Built OAI.NumberTheory.PiExponent.Cohomology.CechZero (24s)
✔ [9393/9420] Built OAI.NumberTheory.PiExponent.Approximation.ClosedImmersionSerreTransfer (23s)
✔ [9394/9420] Built OAI.NumberTheory.PiExponent.Approximation.InverseFrameRestriction (36s)
✔ [9395/9423] Built OAI.NumberTheory.PiExponent.Cohomology.LaurentCechFinite (31s)
✔ [9396/9423] Built OAI.NumberTheory.PiExponent.Cohomology.EulerExact (24s)
✔ [9397/9423] Built OAI.NumberTheory.PiExponent.Geometry.ProjectiveNegativeTransitions (17s)
✔ [9398/9424] Built OAI.NumberTheory.PiExponent.Geometry.WeightedProjectiveEmbedding (45s)
✔ [9399/9424] Built OAI.NumberTheory.PiExponent.Cohomology.CohomologyIso (18s)
✔ [9400/9424] Built OAI.NumberTheory.PiExponent.Geometry.ProjectiveCoordinateOverlapNaturality (19s)
✔ [9401/9430] Built OAI.NumberTheory.PiExponent.Geometry.ProjectiveNegativeFrames (17s)
✔ [9402/9432] Built OAI.NumberTheory.PiExponent.Geometry.ProjectiveSpaceBasics (21s)
✔ [9403/9433] Built OAI.NumberTheory.PiExponent.Approximation.SerreAssembly (36s)
✔ [9404/9435] Built OAI.NumberTheory.PiExponent.Approximation.ClosedPushforwardLinear (22s)
✔ [9405/9435] Built OAI.NumberTheory.PiExponent.Ampleness.WeightedProjectiveAmple (18s)
✔ [9406/9435] Built OAI.NumberTheory.PiExponent.Cohomology.CechExtFinite (38s)
✔ [9407/9435] Built OAI.NumberTheory.PiExponent.Ampleness.LineAmpleOperations (19s)
✔ [9408/9437] Built OAI.NumberTheory.PiExponent.Cohomology.CurveZeroEuler (20s)
✔ [9409/9437] Built OAI.NumberTheory.PiExponent.LocalAlgebra.CoherentExtFiniteness (35s)
✔ [9410/9437] Built OAI.NumberTheory.PiExponent.Approximation.RegularSectionMono (17s)
✔ [9411/9437] Built OAI.NumberTheory.PiExponent.LocalAlgebra.AssociatedPrimeAvoidance (14s)
✔ [9412/9439] Built OAI.NumberTheory.PiExponent.Cohomology.ProjectiveCoordinateAcyclicity (28s)
✔ [9413/9442] Built OAI.NumberTheory.PiExponent.Ampleness.AmpleAllPowersGeneration (32s)
✔ [9414/9442] Built OAI.NumberTheory.PiExponent.Cohomology.FiniteZeroEuler (17s)
✔ [9415/9442] Built OAI.NumberTheory.PiExponent.Ampleness.NumericalAmpleness (16s)
✔ [9416/9442] Built Logarithm.BlowupGeometry (23s)
✔ [9417/9442] Built OAI.NumberTheory.PiExponent.Cohomology.LaurentExtFinite (29s)
✔ [9418/9443] Built OAI.NumberTheory.PiExponent.Approximation.OpenPullbackUnit (13s)
✔ [9419/9449] Built OAI.NumberTheory.PiExponent.Approximation.RegularSectionChoice (19s)
✔ [9420/9450] Built OAI.NumberTheory.PiExponent.Geometry.PrincipalCartierSequence (16s)
✔ [9421/9451] Built OAI.NumberTheory.PiExponent.Cohomology.ProjectiveFramedCech (25s)
✔ [9422/9451] Built OAI.NumberTheory.PiExponent.Approximation.NumericalMarginRestriction (17s)
✔ [9423/9451] Built OAI.NumberTheory.PiExponent.Geometry.FiniteCurveZeros (28s)
✔ [9424/9452] Built OAI.NumberTheory.PiExponent.Approximation.LineClosedUnit (21s)
✔ [9425/9452] Built OAI.NumberTheory.PiExponent.Cohomology.NakaiCohomology (23s)
✔ [9426/9452] Built OAI.NumberTheory.PiExponent.Cohomology.NakaiEulerGrowth (18s)
✔ [9427/9453] Built OAI.NumberTheory.PiExponent.Cohomology.EulerSupportDimension (20s)
✔ [9428/9455] Built OAI.NumberTheory.PiExponent.Geometry.ProjectiveNegativeCoordinates (24s)
✔ [9429/9455] Built OAI.NumberTheory.PiExponent.Approximation.NegativeTwistPresentations (67s)
✔ [9430/9457] Built OAI.NumberTheory.PiExponent.Geometry.CartierSequence (21s)
✔ [9431/9460] Built OAI.NumberTheory.PiExponent.Cohomology.FiniteSupportCohomology (24s)
✔ [9432/9460] Built OAI.NumberTheory.PiExponent.Geometry.ProjectiveCoordinateScalars (27s)
✔ [9433/9460] Built OAI.NumberTheory.PiExponent.Approximation.SerrePowerDescent (22s)
✔ [9434/9460] Built OAI.NumberTheory.PiExponent.Ampleness.NakaiCartier (19s)
✔ [9435/9460] Built OAI.NumberTheory.PiExponent.Approximation.CoordinateFrameIdentification (15s)
✔ [9436/9460] Built OAI.NumberTheory.PiExponent.Cohomology.CartierEulerDifference (17s)
✔ [9437/9463] Built OAI.NumberTheory.PiExponent.Geometry.ProjectiveCoordinateChartMap (20s)
✔ [9438/9465] Built OAI.NumberTheory.PiExponent.Geometry.ProjectiveSpaceSerre (17s)
✔ [9439/9466] Built OAI.NumberTheory.PiExponent.Cohomology.FiniteLineEuler (27s)
✔ [9440/9466] Built OAI.NumberTheory.PiExponent.Approximation.GeneratorsSectionCover (91s)
✔ [9441/9467] Built OAI.NumberTheory.PiExponent.LocalAlgebra.PositiveCoherentExtFiniteness (36s)
✔ [9442/9467] Built OAI.NumberTheory.PiExponent.Approximation.ProjectionFormula (39s)
✔ [9443/9467] Built OAI.NumberTheory.PiExponent.Geometry.ProjectiveNegativeScalars (30s)
✔ [9444/9468] Built OAI.NumberTheory.PiExponent.Geometry.CartierPowerFrames (23s)
✔ [9445/9472] Built OAI.NumberTheory.PiExponent.Geometry.CurveEffectiveTwist (24s)
✔ [9446/9472] Built OAI.NumberTheory.PiExponent.Geometry.CurveMorphismFinite (17s)
✔ [9447/9472] Built OAI.NumberTheory.PiExponent.Geometry.CartierDegreeLength (16s)
✔ [9448/9472] Built OAI.NumberTheory.PiExponent.Cohomology.EulerZeroDimensional (15s)
✔ [9449/9472] Built OAI.NumberTheory.PiExponent.Ampleness.ZeroDimensionalAmple (15s)
✔ [9450/9472] Built OAI.NumberTheory.PiExponent.Approximation.ConstantPullbackDegree (14s)
✔ [9451/9472] Built OAI.NumberTheory.PiExponent.Ampleness.NefAmple (20s)
✔ [9452/9477] Built OAI.NumberTheory.PiExponent.Geometry.ProjectiveCoordinatePullback (42s)
✔ [9453/9477] Built OAI.NumberTheory.PiExponent.Geometry.ProjectiveSerreTransfer (24s)
✔ [9454/9483] Built OAI.NumberTheory.PiExponent.Geometry.CoherentProjectiveFinite (24s)
✔ [9455/9483] Built OAI.NumberTheory.PiExponent.Geometry.AdmissibleCurveInequality (21s)
✔ [9456/9487] Built OAI.NumberTheory.PiExponent.LocalAlgebra.InvertibleIdealAway (17s)
✔ [9457/9490] Built OAI.NumberTheory.PiExponent.Geometry.SectionCartierPower (23s)
✔ [9458/9490] Built OAI.NumberTheory.PiExponent.Geometry.CurveDegreeAdditivity (20s)
✔ [9459/9490] Built OAI.NumberTheory.PiExponent.Approximation.SectionDivision (24s)
✔ [9460/9490] Built OAI.NumberTheory.PiExponent.Geometry.CurveFunctionFieldCompatibility (17s)
✔ [9461/9496] Built OAI.NumberTheory.PiExponent.Geometry.CurveProperImageDimension (16s)
✔ [9462/9496] Built OAI.NumberTheory.PiExponent.Geometry.SectionCartierRegular (18s)
✔ [9463/9496] Built OAI.NumberTheory.PiExponent.LocalAlgebra.CoherentInverseFinite (25s)
✔ [9464/9498] Built OAI.NumberTheory.PiExponent.Cohomology.NoetherianAmpleSerreVanishing (26s)
✔ [9465/9498] Built OAI.NumberTheory.PiExponent.Ampleness.ReesRelativeSections (22s)
✔ [9466/9498] Built OAI.NumberTheory.PiExponent.Ampleness.CurveBlowupImageBase (19s)
✔ [9467/9498] Built OAI.NumberTheory.PiExponent.Ampleness.AffineFunctionFieldCompatibility (24s)
✔ [9468/9498] Built OAI.NumberTheory.PiExponent.Approximation.MixedSectionExtension (43s)
✔ [9469/9498] Built OAI.NumberTheory.PiExponent.LocalAlgebra.IntegralAffineOpenDimension (22s)
✔ [9470/9499] Built OAI.NumberTheory.PiExponent.Geometry.ProjectiveCoordinateFinite (25s)
✔ [9471/9499] Built OAI.NumberTheory.PiExponent.LocalAlgebra.OpenIsoFunctionField (17s)
✔ [9472/9500] Built OAI.NumberTheory.PiExponent.Geometry.CurveStalkGluing (21s)
✔ [9473/9500] Built OAI.NumberTheory.PiExponent.Cohomology.CartierMixedEuler (34s)
✔ [9474/9506] Built OAI.NumberTheory.PiExponent.Geometry.CurveImageOpenLocus (15s)
✔ [9475/9508] Built OAI.NumberTheory.PiExponent.Geometry.CurveGeometricFunctionField (19s)
✔ [9476/9508] Built OAI.NumberTheory.PiExponent.Approximation.MixedFrameExtension (19s)
✔ [9477/9508] Built OAI.NumberTheory.PiExponent.Cohomology.ProjectiveLineLaurent (6.5s)
✔ [9478/9508] Built OAI.NumberTheory.PiExponent.Cohomology.PencilCohomologySections (78s)
✔ [9479/9508] Built OAI.NumberTheory.PiExponent.Cohomology.CohomologyFinite (17s)
✔ [9480/9508] Built OAI.NumberTheory.PiExponent.Geometry.CurveNormalizationOverlap (17s)
✔ [9481/9508] Built OAI.NumberTheory.PiExponent.Geometry.ProjectiveLineProper (9.5s)
✔ [9482/9509] Built OAI.NumberTheory.PiExponent.Geometry.BirationalOpenIso (15s)
✔ [9483/9510] Built OAI.NumberTheory.PiExponent.Ampleness.CurveBlowupImage (15s)
✔ [9484/9510] Built OAI.NumberTheory.PiExponent.Cohomology.LineCohomologyDimension (22s)
✔ [9485/9511] Built OAI.NumberTheory.PiExponent.Geometry.CurveImageAffineCoordinates (19s)
✔ [9486/9511] Built OAI.NumberTheory.PiExponent.Ampleness.BlowupPresentationRestriction (17s)
✔ [9487/9511] Built OAI.NumberTheory.PiExponent.Approximation.MixedSectionOpenExtension (22s)
✔ [9488/9514] Built OAI.NumberTheory.PiExponent.Geometry.CurveNormalizationDimension (24s)
✔ [9489/9514] Built OAI.NumberTheory.PiExponent.Geometry.ProjectiveLineCharts (19s)
✔ [9490/9514] Built OAI.NumberTheory.PiExponent.Ampleness.FinitePullbackAmple (15s)
✔ [9491/9517] Built OAI.NumberTheory.PiExponent.Geometry.ProjectiveFiniteCoordinates (25s)
✔ [9492/9520] Built OAI.NumberTheory.PiExponent.Geometry.CurveImageAffineChart (15s)
✔ [9493/9521] Built Logarithm.CurveImage (19s)
✔ [9494/9521] Built OAI.NumberTheory.PiExponent.Ampleness.BlowupAffineSections (13s)
✔ [9495/9521] Built OAI.NumberTheory.PiExponent.Ampleness.RelativeAffineSectionAmple (16s)
✔ [9496/9522] Built OAI.NumberTheory.PiExponent.Geometry.ProjectiveLineReciprocal (18s)
✔ [9497/9522] Built OAI.NumberTheory.PiExponent.Cohomology.AmpleCohomologyFinite (20s)
✔ [9498/9522] Built OAI.NumberTheory.PiExponent.Cohomology.PencilCohomologyFiniteCharts (24s)
✔ [9499/9527] Built Logarithm.CurveCoordinates (24s)
✔ [9500/9529] Built OAI.NumberTheory.PiExponent.Cohomology.CurveTwoAffineVanishing (22s)
✔ [9501/9531] Built OAI.NumberTheory.PiExponent.Cohomology.PencilCohomologyLaurent (37s)
✔ [9502/9536] Built OAI.NumberTheory.PiExponent.Ampleness.BlowupAmpleTwist (18s)
✔ [9503/9536] Built OAI.NumberTheory.PiExponent.Geometry.ProjectivePencilScalars (31s)
✔ [9504/9536] Built OAI.NumberTheory.PiExponent.Geometry.CurveNormalizationProper (22s)
✔ [9505/9536] Built OAI.NumberTheory.PiExponent.Cohomology.PencilCohomologyCharts (49s)
✔ [9506/9536] Built OAI.NumberTheory.PiExponent.Ampleness.AmpleCurveDegreePositive (19s)
✔ [9507/9536] Built OAI.NumberTheory.PiExponent.Geometry.SupportedSheaf (15s)
✔ [9508/9537] Built OAI.NumberTheory.PiExponent.Geometry.ProjectiveCurveTwoAffine (19s)
✔ [9509/9538] Built OAI.NumberTheory.PiExponent.Geometry.CurveChartFunctionField (19s)
✔ [9510/9538] Built OAI.NumberTheory.PiExponent.Cohomology.PencilCohomologyPencil (25s)
✔ [9511/9538] Built OAI.NumberTheory.PiExponent.Geometry.CurveModelGenericPoint (23s)
✔ [9512/9538] Built OAI.NumberTheory.PiExponent.Geometry.CurveNormalizationNonaffine (22s)
✔ [9513/9540] Built OAI.NumberTheory.PiExponent.Cohomology.CurveNormalizationCohomology (27s)
✔ [9514/9543] Built OAI.NumberTheory.PiExponent.Geometry.CurveModelPlaces (39s)
✔ [9515/9543] Built OAI.NumberTheory.PiExponent.Ampleness.BlowupCurveMargin (24s)
✔ [9516/9543] Built OAI.NumberTheory.PiExponent.Geometry.CurveFinitePushforwardCoherent (55s)
✔ [9517/9546] Built OAI.NumberTheory.PiExponent.Geometry.WeightedLocalSheaf (20s)
✔ [9518/9546] Built OAI.NumberTheory.PiExponent.LocalAlgebra.LocalSectionOrder (19s)
✔ [9519/9546] Built OAI.NumberTheory.PiExponent.Geometry.CurveGlobalMonomial (21s)
✔ [9520/9546] Built OAI.NumberTheory.PiExponent.Cohomology.PencilCohomologyCech (53s)
✔ [9521/9550] Built OAI.NumberTheory.PiExponent.LocalAlgebra.FiniteSupportLocalIso (29s)
✔ [9522/9552] Built OAI.NumberTheory.PiExponent.Polynomials.WeightedMonomialPole (20s)
✔ [9523/9552] Built OAI.NumberTheory.PiExponent.Geometry.BirationalValuationStalk (17s)
✔ [9524/9552] Built Logarithm.CurveMargin (21s)
✔ [9525/9553] Built OAI.NumberTheory.PiExponent.Geometry.CurveModelFieldEmbedding (35s)
✔ [9526/9553] Built OAI.NumberTheory.PiExponent.Geometry.ProjectiveLocalCoefficients (24s)
✔ [9527/9555] Built OAI.NumberTheory.PiExponent.Geometry.CurveNormalizationMorphism (24s)
✔ [9528/9555] Built OAI.NumberTheory.PiExponent.Geometry.CurveModelLocalOrder (39s)
✔ [9529/9555] Built OAI.NumberTheory.PiExponent.Geometry.SectionZeroStalk (24s)
✔ [9530/9560] Built OAI.NumberTheory.PiExponent.Geometry.CurveNormalizationDegree (25s)
✔ [9531/9560] Built OAI.NumberTheory.PiExponent.Approximation.WeightedSectionOrder (24s)
✔ [9532/9560] Built OAI.NumberTheory.PiExponent.Cohomology.PencilCohomology (36s)
✔ [9533/9560] Built Logarithm.BlowupMargin (21s)
✔ [9534/9560] Built OAI.NumberTheory.PiExponent.Geometry.CurveModelInfinityGenericPoint (20s)
✔ [9535/9560] Built OAI.NumberTheory.PiExponent.Polynomials.CompositePullbackCoefficient (14s)
✔ [9536/9560] Built OAI.NumberTheory.PiExponent.Geometry.CurveNormalizationUnit (15s)
✔ [9537/9564] Built OAI.NumberTheory.PiExponent.Polynomials.WeightedMonomialLattice (14s)
✔ [9538/9564] Built OAI.NumberTheory.PiExponent.Geometry.CurveSectionDegree (17s)
✔ [9539/9565] Built OAI.NumberTheory.PiExponent.Cohomology.CurveNormalizationEuler (21s)
✔ [9540/9565] Built OAI.NumberTheory.PiExponent.Geometry.ProjectiveLatticePullback (16s)
✔ [9541/9566] Built OAI.NumberTheory.PiExponent.Cohomology.CurveFinitePushforwardCohomology (61s)
✔ [9542/9566] Built Logarithm.BlowupPolarization (19s)
✔ [9543/9566] Built OAI.NumberTheory.PiExponent.Jets.JetProductLocalization (19s)
✔ [9544/9566] Built OAI.NumberTheory.PiExponent.Geometry.CurvePlaceCenter (20s)
✔ [9545/9568] Built Logarithm.JetCenterIdentification (21s)
✔ [9546/9568] Built OAI.NumberTheory.PiExponent.Geometry.SectionOrderDivisor (18s)
✔ [9547/9568] Built OAI.NumberTheory.PiExponent.LocalAlgebra.LocalPullbackSectionOrder (21s)
✔ [9548/9568] Built OAI.NumberTheory.PiExponent.Ampleness.AdmissibleBlowupGeometry (22s)
✔ [9549/9577] Built OAI.NumberTheory.PiExponent.Geometry.ProjectiveLatticeOrder (15s)
✔ [9550/9577] Built OAI.NumberTheory.PiExponent.Geometry.ProjectiveFinitePencil (42s)
✔ [9551/9577] Built Logarithm.JetProductLocalization (18s)
✔ [9552/9577] Built OAI.NumberTheory.PiExponent.Jets.JetCenterIdentification (21s)
✔ [9553/9579] Built OAI.NumberTheory.PiExponent.Approximation.FullSupportNilpotence (9.2s)
✔ [9554/9580] Built OAI.NumberTheory.PiExponent.Geometry.CurvePlaceCenterStalk (20s)
✔ [9555/9583] Built OAI.NumberTheory.PiExponent.Geometry.CurveGlobalMonomialLocal (20s)
✔ [9556/9583] Built OAI.NumberTheory.PiExponent.Geometry.CurveNormalizationInvariance (32s)
✔ [9557/9585] Built OAI.NumberTheory.PiExponent.LocalAlgebra.TensorIdealInclusion (26s)
✔ [9558/9585] Built Logarithm.ContactIdealLength (19s)
✔ [9559/9585] Built OAI.NumberTheory.PiExponent.Approximation.AffineThickeningCriterion (8.7s)
✔ [9560/9585] Built OAI.NumberTheory.PiExponent.Geometry.ProjectiveSectionReindex (22s)
✔ [9561/9587] Built OAI.NumberTheory.PiExponent.Polynomials.WeightedMonomialFamilyLattice (19s)
✔ [9562/9589] Built OAI.NumberTheory.PiExponent.Ampleness.CurveNormalizationPolarization (35s)
✔ [9563/9589] Built OAI.NumberTheory.PiExponent.Approximation.ClosedRestrictionTensor (31s)
✔ [9564/9589] Built OAI.NumberTheory.PiExponent.Approximation.ClosedThickeningSections (18s)
✔ [9565/9590] Built OAI.NumberTheory.PiExponent.LocalAlgebra.IdealTensorPowers (23s)
✔ [9566/9592] Built OAI.NumberTheory.PiExponent.Ampleness.AmpleFiniteProjectiveEmbedding (17s)
✔ [9567/9598] Built OAI.NumberTheory.PiExponent.Approximation.ClosedSupportedSerre (25s)
✔ [9568/9599] Built OAI.NumberTheory.PiExponent.Approximation.CoherentCokernels (53s)
✔ [9569/9599] Built OAI.NumberTheory.PiExponent.Geometry.CurvePlaceSectionDivisor (21s)
✔ [9570/9599] Built OAI.NumberTheory.PiExponent.Approximation.ClosedPowerSectionLifting (17s)
✔ [9571/9603] Built OAI.NumberTheory.PiExponent.Approximation.ClosedPullbackUnit (23s)
✔ [9572/9603] Built OAI.NumberTheory.PiExponent.Geometry.IdealSheafPowers (16s)
✔ [9573/9603] Built OAI.NumberTheory.PiExponent.Geometry.CurveNormalizationProjective (26s)
✔ [9574/9604] Built OAI.NumberTheory.PiExponent.Approximation.ClosedAnnihilatedDescent (37s)
✔ [9575/9604] Built OAI.NumberTheory.PiExponent.Ampleness.ClosedAmpleBaseChange (15s)
✔ [9576/9608] Built OAI.NumberTheory.PiExponent.LocalAlgebra.IdealPowerFiltration (26s)
✔ [9577/9608] Built OAI.NumberTheory.PiExponent.Approximation.ModulePullbackCoherent (31s)
✔ [9578/9608] Built OAI.NumberTheory.PiExponent.Geometry.CurvePlaceSectionOrder (17s)
✔ [9579/9608] Built OAI.NumberTheory.PiExponent.Ampleness.AmpleGeneratedTensor (23s)
✔ [9580/9612] Built OAI.NumberTheory.PiExponent.Approximation.ClosedImmersionModules (23s)
✔ [9581/9612] Built OAI.NumberTheory.PiExponent.Ampleness.ComponentAmpleDescentIdeal (16s)
✔ [9582/9613] Built OAI.NumberTheory.PiExponent.Approximation.ClosedPullbackUnitRestriction (27s)
✔ [9583/9613] Built OAI.NumberTheory.PiExponent.Ampleness.ComponentAmpleDescentSupported (20s)
✔ [9584/9613] Built OAI.NumberTheory.PiExponent.Cohomology.IdealPowerCohomology (18s)
✔ [9585/9617] Built OAI.NumberTheory.PiExponent.Approximation.AffineClosedAnnihilatedDescent (30s)
✔ [9586/9617] Built OAI.NumberTheory.PiExponent.LocalAlgebra.IdealPowerAnnihilator (20s)
✔ [9587/9617] Built OAI.NumberTheory.PiExponent.Ampleness.NakaiSectionLifting (19s)
✔ [9588/9617] Built OAI.NumberTheory.PiExponent.Geometry.CurveGlobalCoordinateOrder (19s)
✔ [9589/9617] Built OAI.NumberTheory.PiExponent.Geometry.IntegralCurveExistence (18s)
✔ [9590/9617] Built OAI.NumberTheory.PiExponent.Ampleness.ProperAmpleFiniteDimension (16s)
✔ [9591/9617] Built OAI.NumberTheory.PiExponent.Ampleness.AmplePositiveTwist (16s)
✔ [9592/9619] Built OAI.NumberTheory.PiExponent.Ampleness.ComponentAmpleDescentCover (23s)
✔ [9593/9619] Built OAI.NumberTheory.PiExponent.Ampleness.AmpleThresholdPolynomial (18s)
✔ [9594/9622] Built OAI.NumberTheory.PiExponent.Approximation.ClosedSectionLifting (16s)
✔ [9595/9622] Built OAI.NumberTheory.PiExponent.LocalAlgebra.IdealModuleRestriction (19s)
✔ [9596/9623] Built OAI.NumberTheory.PiExponent.Approximation.GlobalClosedAnnihilatedDescent (29s)
✔ [9597/9623] Built OAI.NumberTheory.PiExponent.Geometry.CurveComponentMultiplicity (16s)
✔ [9598/9625] Built OAI.NumberTheory.PiExponent.Geometry.WeightedProjectiveCurveDegree (19s)
✔ [9599/9625] Built OAI.NumberTheory.PiExponent.Ampleness.AmpleSlopeAlgebra (17s)
✔ [9600/9625] Built OAI.NumberTheory.PiExponent.Ampleness.NakaiBasepointFree (16s)
✔ [9601/9628] Built OAI.NumberTheory.PiExponent.LocalAlgebra.PresentedIdealIso (25s)
✔ [9602/9629] Built OAI.NumberTheory.PiExponent.Approximation.ClosedUnitKernel (18s)
✔ [9603/9629] Built OAI.NumberTheory.PiExponent.Cohomology.EulerTwistTransport (16s)
✔ [9604/9629] Built OAI.NumberTheory.PiExponent.LocalAlgebra.IdealPowerRestriction (22s)
✔ [9605/9629] Built OAI.NumberTheory.PiExponent.Ampleness.AmpleSlopeTopology (16s)
✔ [9606/9629] Built OAI.NumberTheory.PiExponent.Geometry.CurveNormalizedDegreeTransfer (18s)
✔ [9607/9629] Built OAI.NumberTheory.PiExponent.Cohomology.EulerRegularTwists (23s)
✔ [9608/9631] Built OAI.NumberTheory.PiExponent.Geometry.ProjectiveSpaceFinite (28s)
✔ [9609/9632] Built OAI.NumberTheory.PiExponent.Ampleness.NakaiDivisorAmple (15s)
✔ [9610/9634] Built OAI.NumberTheory.PiExponent.Cohomology.CartierEulerPair (39s)
✔ [9611/9638] Built OAI.NumberTheory.PiExponent.LocalAlgebra.FiniteFromClosedFibers (15s)
✔ [9612/9638] Built OAI.NumberTheory.PiExponent.Cohomology.EulerDifferencePolynomial (18s)
✔ [9613/9638] Built OAI.NumberTheory.PiExponent.Ampleness.ComponentAmpleDescentLocal (19s)
✔ [9614/9638] Built OAI.NumberTheory.PiExponent.LocalAlgebra.IdealPowerDescent (21s)
✔ [9615/9638] Built Logarithm.CurveModel (21s)
✔ [9616/9638] Built OAI.NumberTheory.PiExponent.Ampleness.NakaiStationarity (19s)
✔ [9617/9639] Built OAI.NumberTheory.PiExponent.Cohomology.EulerRegularSections (20s)
✔ [9618/9641] Built OAI.NumberTheory.PiExponent.Ampleness.ExceptionalCurveDegree (41s)
✔ [9619/9641] Built OAI.NumberTheory.PiExponent.Geometry.FiniteOfNoContractedCurves (18s)
✔ [9620/9641] Built OAI.NumberTheory.PiExponent.Cohomology.ProjectiveEmbeddingCohomologyBound (28s)
✔ [9621/9642] Built OAI.NumberTheory.PiExponent.Cohomology.EulerPolynomialInterpolation (16s)
✔ [9622/9642] Built OAI.NumberTheory.PiExponent.Geometry.CurveDegreeLaws (17s)
✔ [9623/9650] Built OAI.NumberTheory.PiExponent.LocalAlgebra.PrincipalQuotientDimension (5.7s)
✔ [9624/9650] Built OAI.NumberTheory.PiExponent.Cohomology.NilpotentIdealVanishing (17s)
✔ [9625/9650] Built OAI.NumberTheory.PiExponent.Ampleness.AmpleDivisorDimensionBase (16s)
✔ [9626/9650] Built OAI.NumberTheory.PiExponent.Ampleness.NakaiEffectivity (17s)
✔ [9627/9650] Built OAI.NumberTheory.PiExponent.Ampleness.ComponentAmpleDescent (22s)
✔ [9628/9653] Built OAI.NumberTheory.PiExponent.Cohomology.EulerCutoff (15s)
✔ [9629/9653] Built OAI.NumberTheory.PiExponent.Cohomology.AmpleLineCohomology (17s)
✔ [9630/9653] Built Logarithm.ExceptionalCurveDegree (23s)
✔ [9631/9654] Built OAI.NumberTheory.PiExponent.Cohomology.MixedEulerAlgebra (16s)
✔ [9632/9654] Built OAI.NumberTheory.PiExponent.Ampleness.NakaiAmpleFromSections (16s)
✔ [9633/9657] Built OAI.NumberTheory.PiExponent.Ampleness.AmpleDivisorDimension (17s)
✔ [9634/9661] Built OAI.NumberTheory.PiExponent.Ampleness.NilpotentAmpleDescent (18s)
✔ [9635/9666] Built OAI.NumberTheory.PiExponent.Ampleness.ReducedComponentAmple (17s)
✔ [9636/9666] Built OAI.NumberTheory.PiExponent.Geometry.GeneralCartierDegreeLength (17s)
✔ [9637/9669] Built Logarithm.BlowupExceptionalDegree (18s)
✔ [9638/9670] Built OAI.NumberTheory.PiExponent.Geometry.FromSpecStalkLocalIso (9.5s)
✔ [9639/9675] Built OAI.NumberTheory.PiExponent.Cohomology.MixedEulerPolarization (23s)
✔ [9640/9677] Built OAI.NumberTheory.PiExponent.Geometry.CurveLocalAssociativity (16s)
✔ [9641/9678] Built OAI.NumberTheory.PiExponent.Geometry.CurveComponentStalks (16s)
✔ [9642/9678] Built OAI.NumberTheory.PiExponent.Ampleness.IntegralComponentAmple (15s)
✔ [9643/9678] Built OAI.NumberTheory.PiExponent.Cohomology.CurveRegularEuler (15s)
✔ [9644/9678] Built OAI.NumberTheory.PiExponent.Geometry.CurveComponentsDimension (14s)
✔ [9645/9681] Built Logarithm.CurveModelDegrees (16s)
✔ [9646/9681] Built OAI.NumberTheory.PiExponent.Cohomology.EulerPolynomialDegree (45s)
✔ [9647/9681] Built OAI.NumberTheory.PiExponent.Polynomials.MixedSlopePolynomial (16s)
✔ [9648/9682] Built OAI.NumberTheory.PiExponent.Jets.JetPowerIdealCoprime (14s)
✔ [9649/9682] Built OAI.NumberTheory.PiExponent.Geometry.CurveLocalMultiplicity (14s)
✔ [9650/9682] Built OAI.NumberTheory.PiExponent.Ampleness.WeightedAffineFrame (15s)
✔ [9651/9690] Built OAI.NumberTheory.PiExponent.Geometry.ReducedComponentStalk (17s)
✔ [9652/9690] Built OAI.NumberTheory.PiExponent.Cohomology.CurveTensorEuler (15s)
✔ [9653/9690] Built OAI.NumberTheory.PiExponent.Ampleness.NakaiInductionStep (15s)
✔ [9654/9690] Built Logarithm.JetPackets (16s)
✔ [9655/9690] Built OAI.NumberTheory.PiExponent.Ampleness.ExceptionalPowerSections (21s)
✔ [9656/9690] Built OAI.NumberTheory.PiExponent.Approximation.SerreSectionLifting (17s)
✔ [9657/9691] Built OAI.NumberTheory.PiExponent.Geometry.CurveComponentLocalLengths (17s)
✔ [9658/9692] Built OAI.NumberTheory.PiExponent.Approximation.RegularComponentSection (17s)
✔ [9659/9693] Built OAI.NumberTheory.PiExponent.Geometry.CurveCutQuotient (16s)
✔ [9660/9693] Built OAI.NumberTheory.PiExponent.Cohomology.MixedEulerCartier (31s)
✔ [9661/9693] Built OAI.NumberTheory.PiExponent.Approximation.NumericalSlopeInduction (17s)
✔ [9662/9696] Built OAI.NumberTheory.PiExponent.Approximation.WeightedFrameDegree (14s)
✔ [9663/9697] Built OAI.NumberTheory.PiExponent.Cohomology.CechOneConverse (22s)
✔ [9664/9698] Built OAI.NumberTheory.PiExponent.Ampleness.ExceptionalAffineChart (22s)
✔ [9665/9702] Built OAI.NumberTheory.PiExponent.Approximation.CompositePullbackFrame (18s)
✔ [9666/9702] Built OAI.NumberTheory.PiExponent.LocalAlgebra.WeightedChartRingEvaluation (22s)
✔ [9667/9702] Built OAI.NumberTheory.PiExponent.Cohomology.MixedEulerDimension (18s)
✔ [9668/9711] Built OAI.NumberTheory.PiExponent.Approximation.NumericalThresholdStep (15s)
✔ [9669/9711] Built OAI.NumberTheory.PiExponent.Geometry.CurveComponentZeroPoints (47s)
✔ [9670/9711] Built OAI.NumberTheory.PiExponent.Polynomials.ShiftedFreeGrading (24s)
✔ [9671/9711] Built OAI.NumberTheory.PiExponent.Cohomology.MixedEulerCartierAmple (32s)
✔ [9672/9711] Built OAI.NumberTheory.PiExponent.Geometry.ProjectiveRepresentedCoefficient (24s)
✔ [9673/9714] Built OAI.NumberTheory.PiExponent.Polynomials.WeightedHomogeneousSubstitution (22s)
✔ [9674/9716] Built OAI.NumberTheory.PiExponent.Ampleness.ExceptionalAffineChartRestriction (35s)
✔ [9675/9717] Built OAI.NumberTheory.PiExponent.Cohomology.CechH1Transfer (41s)
✔ [9676/9717] Built OAI.NumberTheory.PiExponent.Geometry.ProjectiveVertexCompatibility (32s)
✔ [9677/9717] Built OAI.NumberTheory.PiExponent.Cohomology.MixedEulerAmpleDimension (19s)
✔ [9678/9720] Built OAI.NumberTheory.PiExponent.Geometry.CurveComponentIncidence (28s)
✔ [9679/9720] Built OAI.NumberTheory.PiExponent.Polynomials.GradedSerre (26s)
✔ [9680/9722] Built OAI.NumberTheory.PiExponent.LocalAlgebra.IdealPullbackMap (17s)
✔ [9681/9722] Built OAI.NumberTheory.PiExponent.LocalAlgebra.TwistLocalSections (16s)
✔ [9682/9722] Built OAI.NumberTheory.PiExponent.Ampleness.ExceptionalPowerPresentation (27s)
✔ [9683/9722] Built OAI.NumberTheory.PiExponent.Geometry.CurveComponentCutLengths (39s)
✔ [9684/9724] Built OAI.NumberTheory.PiExponent.Ampleness.FiniteAffineFrames (13s)
✔ [9685/9724] Built OAI.NumberTheory.PiExponent.Ampleness.BlowupJetSurjectivity (24s)
✔ [9686/9724] Built OAI.NumberTheory.PiExponent.Cohomology.MixedEulerTop (16s)
✔ [9687/9727] Built OAI.NumberTheory.PiExponent.Cohomology.GradedH0 (18s)
✔ [9688/9727] Built OAI.NumberTheory.PiExponent.Ampleness.ExceptionalRecoveryMap (16s)
✔ [9689/9729] Built OAI.NumberTheory.PiExponent.Geometry.CurveCycleLengths (16s)
✔ [9690/9729] Built OAI.NumberTheory.PiExponent.Ampleness.ExceptionalRepresentedValue (15s)
✔ [9691/9729] Built OAI.NumberTheory.PiExponent.Cohomology.MixedEulerRestriction (26s)
✔ [9692/9729] Built OAI.NumberTheory.PiExponent.Approximation.PushforwardOpenSections (22s)
✔ [9693/9729] Built OAI.NumberTheory.PiExponent.Ampleness.GlobalBlowupJetSurjectivity (15s)
✔ [9694/9729] Built OAI.NumberTheory.PiExponent.Jets.AffineJetSupport (20s)
✔ [9695/9729] Built OAI.NumberTheory.PiExponent.Cohomology.MixedEulerSlope (17s)
✔ [9696/9729] Built OAI.NumberTheory.PiExponent.Ampleness.ExceptionalRecoveryTwist (14s)
✔ [9697/9730] Built OAI.NumberTheory.PiExponent.Geometry.ProjectiveGlobalPolynomialAlgebra (18s)
✔ [9698/9730] Built OAI.NumberTheory.PiExponent.Ampleness.ExceptionalRepresentedOpaque (15s)
✔ [9699/9730] Built OAI.NumberTheory.PiExponent.Ampleness.ReesPolynomialPresentation (18s)
✔ [9700/9730] Built OAI.NumberTheory.PiExponent.Ampleness.ExceptionalChartPullbackValue (15s)
✔ [9701/9730] Built OAI.NumberTheory.PiExponent.Cohomology.CurveCycleEuler (20s)
✔ [9702/9735] Built OAI.NumberTheory.PiExponent.Cohomology.MixedEulerPositivity (15s)
✔ [9703/9743] Built OAI.NumberTheory.PiExponent.Approximation.PushforwardSectionComparison (20s)
✔ [9704/9743] Built OAI.NumberTheory.PiExponent.Ampleness.ReesExceptionalSheaf (15s)
✔ [9705/9743] Built OAI.NumberTheory.PiExponent.Ampleness.ExceptionalRepresentedTypes (16s)
✔ [9706/9747] Built OAI.NumberTheory.PiExponent.Geometry.CurveCycleNumerical (16s)
✔ [9707/9747] Built OAI.NumberTheory.PiExponent.Ampleness.ReesFiniteCover (20s)
✔ [9708/9750] Built OAI.NumberTheory.PiExponent.Geometry.ProjectiveGlobalPolynomials (46s)
✔ [9709/9750] Built OAI.NumberTheory.PiExponent.Ampleness.FiniteReesComparison (29s)
✔ [9710/9750] Built OAI.NumberTheory.PiExponent.Polynomials.NatToIntGrading (30s)
✔ [9711/9750] Built OAI.NumberTheory.PiExponent.LocalAlgebra.LocalizedAlgebraEvaluation (27s)
✔ [9712/9750] Built OAI.NumberTheory.PiExponent.Jets.AffineJetQuotient (48s)
✔ [9713/9750] Built OAI.NumberTheory.PiExponent.Polynomials.GradedLocalizationExact (37s)
✔ [9714/9750] Built OAI.NumberTheory.PiExponent.Ampleness.ExceptionalTypedTransport (59s)
✔ [9715/9750] Built OAI.NumberTheory.PiExponent.Polynomials.GlobalPolynomialCoefficientLaw (43s)
✔ [9716/9750] Built OAI.NumberTheory.PiExponent.Cohomology.CechZeroAdditive (43s)
✔ [9717/9755] Built OAI.NumberTheory.PiExponent.Approximation.AdditiveKernelTransport (43s)
✔ [9718/9755] Built OAI.NumberTheory.PiExponent.Ampleness.BlowupJetReesReduction (50s)
✔ [9719/9760] Built OAI.NumberTheory.PiExponent.Jets.AffineJetPolynomial (50s)
✔ [9720/9760] Built OAI.NumberTheory.PiExponent.Cohomology.MixedEulerCurveMargin (74s)
✔ [9721/9762] Built OAI.NumberTheory.PiExponent.Cohomology.TupleCechBound (9.3s)
✔ [9722/9762] Built OAI.NumberTheory.PiExponent.Geometry.ProjectiveSectionExtension (55s)
✔ [9723/9763] Built OAI.NumberTheory.PiExponent.Cohomology.GradedCechRecovery (55s)
✔ [9724/9763] Built OAI.NumberTheory.PiExponent.Jets.AffineJetCoefficientInterface (48s)
✔ [9725/9763] Built OAI.NumberTheory.PiExponent.Geometry.ProjectiveIntrinsicCoefficientLaw (56s)
✔ [9726/9765] Built OAI.NumberTheory.PiExponent.Cohomology.NumericalEulerSlopeInputs (44s)
✔ [9727/9765] Built OAI.NumberTheory.PiExponent.Polynomials.GradedLocalizationFree (47s)
✔ [9728/9765] Built OAI.NumberTheory.PiExponent.Jets.AffineJetCoefficientFrame (50s)
✔ [9729/9773] Built OAI.NumberTheory.PiExponent.Polynomials.HomogeneousSubmoduleGrading (56s)
✔ [9730/9773] Built OAI.NumberTheory.PiExponent.Cohomology.GradedCech (84s)
✔ [9731/9773] Built OAI.NumberTheory.PiExponent.Polynomials.GlobalPolynomialWeightedBound (67s)
✔ [9732/9773] Built OAI.NumberTheory.PiExponent.Cohomology.ReesCohomologySetup (70s)
✔ [9733/9778] Built OAI.NumberTheory.PiExponent.Approximation.AddEquivSignedSum (62s)
✔ [9734/9780] Built OAI.NumberTheory.PiExponent.Approximation.AdmissibleMatrixFrame (70s)
✔ [9735/9780] Built OAI.NumberTheory.PiExponent.Cohomology.GradedCechExactness (51s)
✔ [9736/9787] Built OAI.NumberTheory.PiExponent.Ampleness.NumericalAmplenessTheorem (70s)
✔ [9737/9787] Built OAI.NumberTheory.PiExponent.Ampleness.ExceptionalTypedRestriction (70s)
✔ [9738/9787] Built OAI.NumberTheory.PiExponent.Geometry.ProjectiveSectionPullback (71s)
✔ [9739/9791] Built Logarithm.GeometryAmple (38s)
✔ [9740/9791] Built OAI.NumberTheory.PiExponent.LocalAlgebra.IdealFiniteGenerators (38s)
✔ [9741/9791] Built OAI.NumberTheory.PiExponent.Ampleness.ExceptionalTypedTransportNaturality (38s)
✔ [9742/9796] Built OAI.NumberTheory.PiExponent.Ampleness.GlobalExceptionalComparison (39s)
✔ [9743/9796] Built OAI.NumberTheory.PiExponent.LocalAlgebra.AffineIdealSections (41s)
✔ [9744/9797] Built OAI.NumberTheory.PiExponent.LocalAlgebra.IdealSectionRestriction (41s)
✔ [9745/9799] Built OAI.NumberTheory.PiExponent.Cohomology.GradedCechBound (43s)
✔ [9746/9799] Built OAI.NumberTheory.PiExponent.Cohomology.GradedPolynomialLaurent (52s)
✔ [9747/9799] Built OAI.NumberTheory.PiExponent.Geometry.ProjectiveSectionInterface (20s)
✔ [9748/9803] Built OAI.NumberTheory.PiExponent.LocalAlgebra.IdealPullbackOpenSquare (19s)
✔ [9749/9806] Built OAI.NumberTheory.PiExponent.Analysis.CollisionCombinatorics (17s)
✔ [9750/9806] Built OAI.NumberTheory.PiExponent.Ampleness.GlobalBlowupAffineSquare (19s)
✔ [9751/9806] Built OAI.NumberTheory.PiExponent.Analysis.AnalyticCollision (24s)
✔ [9752/9806] Built Quadratic.Arithmetic (27s)
✔ [9753/9806] Built OAI.NumberTheory.PiExponent.Approximation.MatrixTranslation (28s)
✔ [9754/9806] Built OAI.NumberTheory.PiExponent.Geometry.ProjectiveCoefficientBound (13s)
✔ [9755/9806] Built OAI.NumberTheory.PiExponent.Geometry.CanonicalRecoveryProperties (15s)
✔ [9756/9809] Built OAI.NumberTheory.PiExponent.Ampleness.ReesGradedModule (17s)
✔ [9757/9809] Built OAI.NumberTheory.PiExponent.Polynomials.SimplexLog (14s)
✔ [9758/9809] Built OAI.NumberTheory.PiExponent.Analysis.CollisionGeometricSum (15s)
✔ [9759/9809] Built OAI.NumberTheory.PiExponent.Analysis.CollisionExponential (17s)
✔ [9760/9809] Built OAI.NumberTheory.PiExponent.Analysis.AnalyticRowSeries (15s)
✔ [9761/9809] Built OAI.NumberTheory.PiExponent.Cohomology.GradedPolynomialCech (39s)
✔ [9762/9811] Built OAI.NumberTheory.PiExponent.Approximation.CanonicalAffineRecovery (15s)
✔ [9763/9811] Built OAI.NumberTheory.PiExponent.Ampleness.GlobalReesRecoveryComparison (19s)
✔ [9764/9811] Built OAI.NumberTheory.PiExponent.Approximation.WeightedPullbackDegree (37s)
✔ [9765/9812] Built Quadratic.ScaledArithmetic (23s)
✔ [9766/9813] Built OAI.NumberTheory.PiExponent.Analysis.LogTailAnalytic (24s)
✔ [9767/9813] Built OAI.NumberTheory.PiExponent.Approximation.ApproximationCenters (16s)
✔ [9768/9815] Built OAI.NumberTheory.PiExponent.Cohomology.ReesCechInjectivity (22s)
✔ [9769/9815] Built OAI.NumberTheory.PiExponent.Analysis.CollisionOccupancy (14s)
✔ [9770/9817] Built OAI.NumberTheory.PiExponent.Approximation.Comparison (5.9s)
✔ [9771/9817] Built OAI.NumberTheory.PiExponent.Analysis.FiniteDeterminantCollision (18s)
✔ [9772/9818] Built OAI.NumberTheory.PiExponent.Approximation.WeightedGlobalSectionBound (15s)
✔ [9773/9818] Built Quadratic.DeterminantData (25s)
✔ [9774/9820] Built OAI.NumberTheory.PiExponent.Analysis.PeriodAnalytic (20s)
ℹ [9775/9820] Built Logarithm.ScaledApproximationErrors (19s)
info: Logarithm/ScaledApproximationErrors.lean:36:6: Try this:
  [apply] ring_nf
  
  The `ring` tactic failed to close the goal. Use `ring_nf` to obtain a normal form.
    
  Note that `ring` works primarily in *commutative* rings. If you have a noncommutative ring, abelian group or module, consider using `noncomm_ring`, `abel` or `module` instead.
✔ [9776/9821] Built OAI.NumberTheory.PiExponent.Approximation.MatrixCounting (21s)
✔ [9777/9821] Built OAI.NumberTheory.PiExponent.Statement (18s)
✔ [9778/9821] Built OAI.NumberTheory.PiExponent.Analysis.CollisionLimit (13s)
✔ [9779/9821] Built OAI.NumberTheory.PiExponent.Cohomology.GradedFreeCech (46s)
✔ [9780/9821] Built Logarithm.ScaledTranslation (14s)
✔ [9781/9827] Built OAI.NumberTheory.PiExponent.Approximation.MatrixTranslationBounds (29s)
✔ [9782/9827] Built Quadratic.ScaledApproximationErrors (15s)
✔ [9783/9827] Built Logarithm.ScaledPeriodAnalytic (15s)
✔ [9784/9850] Built OAI.NumberTheory.PiExponent.Analysis.TranslationCountLimit (17s)
✔ [9785/9850] Built Quadratic.Parameters (12s)
✔ [9786/9853] Built OAI.NumberTheory.PiExponent.Ampleness.ReesLocalizedChart (65s)
✔ [9787/9855] Built OAI.NumberTheory.PiExponent.Analysis.AnalyticDeterminantCollision (15s)
✔ [9789/9861] Built OAI.NumberTheory.PiExponent.Approximation.DeterminantContradiction (16s)
✔ [9790/9861] Built PeriodicFamily.Order (9.7s)
✔ [9791/9861] Built OAI.NumberTheory.PiExponent.Approximation.Exponent (14s)
✔ [9792/9861] Built PeriodicGeometry.GeometryData (16s)
✔ [9793/9861] Built OAI.NumberTheory.PiExponent.Polynomials.GradedSerreStep (21s)
✔ [9794/9861] Built OAI.NumberTheory.PiExponent.Jets.AffineJetPackets (16s)
ℹ [9795/9861] Built StandardBridge (9.5s)
info: StandardBridge.lean:42:0: 'CompareChallenge.standard_exponent_two_of_eventual_bound' depends on axioms: [propext, Classical.choice, Quot.sound]
✔ [9796/9861] Built OAI.NumberTheory.PiExponent.Analysis.Collision (15s)
⚠ [9797/9861] Built PeriodicFamily.Arithmetic (13s)
warning: PeriodicFamily/Arithmetic.lean:158:0: automatically included section variable(s) unused in theorem `OAI.PeriodicFamily.Arithmetic.lcm_mul_log_coeff_quadratic`:
  [Fact (0 < rad)]
consider restructuring your `variable` declarations so that the variables are not in scope or explicitly omit them:
  omit [Fact (0 < rad)] in theorem ...

Note: This linter can be disabled with `set_option linter.unusedSectionVars false`
warning: PeriodicFamily/Arithmetic.lean:186:0: automatically included section variable(s) unused in theorem `OAI.PeriodicFamily.Arithmetic.quadratic_C_mem`:
  [Fact (0 < rad)]
consider restructuring your `variable` declarations so that the variables are not in scope or explicitly omit them:
  omit [Fact (0 < rad)] in theorem ...

Note: This linter can be disabled with `set_option linter.unusedSectionVars false`
warning: PeriodicFamily/Arithmetic.lean:205:0: automatically included section variable(s) unused in theorem `OAI.PeriodicFamily.Arithmetic.cleared_polynomial_power_mem`:
  [Fact (0 < rad)]
consider restructuring your `variable` declarations so that the variables are not in scope or explicitly omit them:
  omit [Fact (0 < rad)] in theorem ...

Note: This linter can be disabled with `set_option linter.unusedSectionVars false`
✔ [9798/9861] Built Logarithm.ExponentConsequence (15s)
✔ [9799/9861] Built OAI.NumberTheory.PiExponent.Jets.AffineJetFramedPackets (15s)
✔ [9800/9861] Built PeriodicGeometry.PeriodicCurveMargin (21s)
✔ [9801/9861] Built OAI.NumberTheory.PiExponent.Cohomology.GradedSerreVanishing (20s)
✔ [9802/9861] Built PeriodicGeometry.PeriodicBlowupGeometry (21s)
✔ [9803/9861] Built OAI.NumberTheory.PiExponent.Ampleness.ReesLocalizedIntersections (37s)
✔ [9804/9861] Built Logarithm.ScaledCollision (20s)
⚠ [9805/9861] Built PeriodicFamily.PeriodData (15s)
warning: PeriodicFamily/PeriodData.lean:31:15: This simp argument is unused:
  norm_mul

Hint: Omit it from the simp argument list.
  [apply] simp [omega, norm_rotation, Complex.norm_real, Real.norm_eq_abs]

Note: This linter can be disabled with `set_option linter.unusedSimpArgs false`
✔ [9806/9861] Built Imaginary.Scaling (14s)
✔ [9807/9861] Built PeriodicGeometry.PeriodicJetPackets (13s)
✔ [9808/9861] Built PeriodicGeometry.PeriodicCurveImage (14s)
✔ [9809/9861] Built PeriodicGeometry.PeriodicBlowupMargin (13s)
✔ [9810/9861] Built OAI.NumberTheory.PiExponent.Cohomology.ReesCechRecovery (18s)
⚠ [9811/9861] Built PeriodicFamily.ScaledArithmetic (18s)
warning: PeriodicFamily/ScaledArithmetic.lean:13:0: automatically included section variable(s) unused in theorem `OAI.PeriodicFamily.ScaledArithmetic.integer_center_cast`:
  [Fact (0 < rad)]
consider restructuring your `variable` declarations so that the variables are not in scope or explicitly omit them:
  omit [Fact (0 < rad)] in theorem ...

Note: This linter can be disabled with `set_option linter.unusedSectionVars false`
warning: PeriodicFamily/ScaledArithmetic.lean:74:0: automatically included section variable(s) unused in theorem `OAI.PeriodicFamily.ScaledArithmetic.quadratic_power_cleared`:
  [Fact (0 < rad)]
consider restructuring your `variable` declarations so that the variables are not in scope or explicitly omit them:
  omit [Fact (0 < rad)] in theorem ...

Note: This linter can be disabled with `set_option linter.unusedSectionVars false`
warning: PeriodicFamily/ScaledArithmetic.lean:106:0: automatically included section variable(s) unused in theorem `OAI.PeriodicFamily.ScaledArithmetic.columnScale_pos`:
  [Fact (0 < rad)]
consider restructuring your `variable` declarations so that the variables are not in scope or explicitly omit them:
  omit [Fact (0 < rad)] in theorem ...

Note: This linter can be disabled with `set_option linter.unusedSectionVars false`
warning: PeriodicFamily/ScaledArithmetic.lean:112:0: automatically included section variable(s) unused in theorem `OAI.PeriodicFamily.ScaledArithmetic.log_columnScale`:
  [Fact (0 < rad)]
consider restructuring your `variable` declarations so that the variables are not in scope or explicitly omit them:
  omit [Fact (0 < rad)] in theorem ...

Note: This linter can be disabled with `set_option linter.unusedSectionVars false`
warning: PeriodicFamily/ScaledArithmetic.lean:184:0: automatically included section variable(s) unused in theorem `OAI.PeriodicFamily.ScaledArithmetic.column_log_cost_le`:
  [Fact (0 < rad)]
consider restructuring your `variable` declarations so that the variables are not in scope or explicitly omit them:
  omit [Fact (0 < rad)] in theorem ...

Note: This linter can be disabled with `set_option linter.unusedSectionVars false`
✔ [9812/9861] Built PeriodicGeometry.PeriodicCurveCoordinates (13s)
✔ [9813/9861] Built OAI.NumberTheory.PiExponent.Ampleness.ReesProductChart (22s)
✔ [9814/9861] Built OAI.NumberTheory.PiExponent.Analysis.DeterminantAnalyticBound (42s)
✔ [9815/9861] Built PeriodicGeometry.PeriodicBlowupPolarization (11s)
⚠ [9816/9861] Built PeriodicFamily.ScaledApproximationErrors (10s)
warning: PeriodicFamily/ScaledApproximationErrors.lean:8:0: automatically included section variable(s) unused in theorem `OAI.PeriodicFamily.ScaledApproximationErrors.actual_error_exp`:
  [Fact (0 < rad)]
consider restructuring your `variable` declarations so that the variables are not in scope or explicitly omit them:
  omit [Fact (0 < rad)] in theorem ...

Note: This linter can be disabled with `set_option linter.unusedSectionVars false`
✔ [9817/9861] Built PeriodicGeometry.ExceptionalDegree (12s)
⚠ [9818/9861] Built PeriodicFamily.DeterminantData (17s)
warning: PeriodicFamily/DeterminantData.lean:59:0: automatically included section variable(s) unused in theorem `OAI.PeriodicFamily.DeterminantData.finiteDenominators_two_le`:
  [Fact (0 < rad)]
consider restructuring your `variable` declarations so that the variables are not in scope or explicitly omit them:
  omit [Fact (0 < rad)] in theorem ...

Note: This linter can be disabled with `set_option linter.unusedSectionVars false`
warning: PeriodicFamily/DeterminantData.lean:62:0: automatically included section variable(s) unused in theorem `OAI.PeriodicFamily.DeterminantData.logWeights_eq`:
  [Fact (0 < rad)]
consider restructuring your `variable` declarations so that the variables are not in scope or explicitly omit them:
  omit [Fact (0 < rad)] in theorem ...

Note: This linter can be disabled with `set_option linter.unusedSectionVars false`
✔ [9819/9861] Built PeriodicGeometry.PeriodicCurveModel (17s)
⚠ [9820/9861] Built Quadratic.LiteralAnalyticSummand (22s)
warning: Quadratic/LiteralAnalyticSummand.lean:112:102: Used `tac1 <;> tac2` where `(tac1; tac2)` would suffice

Note: This linter can be disabled with `set_option linter.unnecessarySeqFocus false`
warning: Quadratic/LiteralAnalyticSummand.lean:113:12: Used `tac1 <;> tac2` where `(tac1; tac2)` would suffice

Note: This linter can be disabled with `set_option linter.unnecessarySeqFocus false`
✔ [9821/9861] Built OAI.NumberTheory.PiExponent.Ampleness.ReesProductSchemeChart (25s)
⚠ [9822/9861] Built PeriodicFamily.Parameters (13s)
warning: PeriodicFamily/Parameters.lean:8:0: automatically included section variable(s) unused in theorem `OAI.PeriodicFamily.exists_period_parameters`:
  [Fact (0 < rad)]
consider restructuring your `variable` declarations so that the variables are not in scope or explicitly omit them:
  omit [Fact (0 < rad)] in theorem ...

Note: This linter can be disabled with `set_option linter.unusedSectionVars false`
✔ [9823/9861] Built PeriodicGeometry.PeriodicCurveModelDegrees (12s)
✔ [9824/9861] Built Quadratic.AnalyticAggregate (12s)
⚠ [9825/9861] Built PeriodicFamily.LiteralAnalyticSummand (19s)
warning: PeriodicFamily/LiteralAnalyticSummand.lean:114:102: Used `tac1 <;> tac2` where `(tac1; tac2)` would suffice

Note: This linter can be disabled with `set_option linter.unnecessarySeqFocus false`
warning: PeriodicFamily/LiteralAnalyticSummand.lean:115:12: Used `tac1 <;> tac2` where `(tac1; tac2)` would suffice

Note: This linter can be disabled with `set_option linter.unnecessarySeqFocus false`
✔ [9826/9861] Built OAI.NumberTheory.PiExponent.Ampleness.ReesProductPower (37s)
✔ [9827/9861] Built PeriodicGeometry.PeriodicCurveDegreeData (8.2s)
✔ [9828/9861] Built PeriodicFamily.AnalyticAggregate (11s)
✔ [9829/9861] Built PeriodicGeometry.PeriodicBlowupAmple (8.0s)
✔ [9830/9861] Built OAI.NumberTheory.PiExponent.Ampleness.ReesProductAugmentation (11s)
✔ [9831/9861] Built OAI.NumberTheory.PiExponent.Ampleness.ReesProductRestriction (14s)
✔ [9832/9861] Built OAI.NumberTheory.PiExponent.Ampleness.ReesProductFrames (27s)
✔ [9833/9861] Built PeriodicGeometry.PeriodicJetAmpleness (6.0s)
✔ [9834/9861] Built OAI.NumberTheory.PiExponent.Ampleness.ReesProductSchemeRestriction (7.1s)
✔ [9835/9861] Built OAI.NumberTheory.PiExponent.Ampleness.ReesFixedChart (8.4s)
✔ [9836/9861] Built OAI.NumberTheory.PiExponent.Ampleness.ReesFixedRestriction (11s)
✔ [9837/9861] Built OAI.NumberTheory.PiExponent.Ampleness.ReesFixedPower (12s)
✔ [9838/9861] Built OAI.NumberTheory.PiExponent.Ampleness.ReesFixedFrames (13s)
✔ [9839/9861] Built OAI.NumberTheory.PiExponent.Ampleness.ReesFixedPowerRestriction (7.4s)
✔ [9840/9861] Built OAI.NumberTheory.PiExponent.Cohomology.ReesSheafCechBase (11s)
✔ [9841/9861] Built OAI.NumberTheory.PiExponent.Cohomology.ReesSheafCechNaturality (9.3s)
✔ [9842/9861] Built OAI.NumberTheory.PiExponent.Ampleness.ReesSectionInclusion (11s)
✔ [9843/9861] Built OAI.NumberTheory.PiExponent.Cohomology.ReesSheafCechRecovery (27s)
✔ [9844/9861] Built OAI.NumberTheory.PiExponent.Ampleness.ReesSheafCanonicalValue (5.9s)
✔ [9845/9861] Built OAI.NumberTheory.PiExponent.Ampleness.AffineReesCanonicalRecovery (5.5s)
✔ [9846/9861] Built OAI.NumberTheory.PiExponent.Ampleness.GlobalReesCanonicalRecovery (5.5s)
✔ [9847/9861] Built OAI.NumberTheory.PiExponent.Ampleness.BlowupJetSurjectivityComplete (5.3s)
✔ [9848/9861] Built PeriodicGeometry.Interpolation (6.2s)
✔ [9849/9861] Built Logarithm.GeometricInterpolation (9.4s)
✔ [9850/9861] Built PeriodicFamily.GlobalMatrixInterpolation (6.7s)
✔ [9851/9861] Built Logarithm.Interpolation (5.9s)
✔ [9852/9861] Built PeriodicFamily.DeterminantContradiction (6.8s)
✔ [9853/9861] Built Quadratic.GlobalMatrixInterpolation (6.5s)
⚠ [9854/9861] Built PeriodicFamily.Main (6.6s)
warning: PeriodicFamily/Main.lean:21:19: this tactic is never executed

Note: This linter can be disabled with `set_option linter.unreachableTactic false`
warning: PeriodicFamily/Main.lean:21:19: Unused tactic linter: `ring` does nothing

Note: This linter can be disabled with `set_option linter.unusedTactic false`
warning: PeriodicFamily/Main.lean:35:2: Try this: 
  letI̵

The goal is a proposition, so `let` is preferred over `letI`.
The difference between `let` and `letI` is that `letI` inlines the value.
But this is not relevant for proofs because of proof irrelevance.

Note: This linter can be disabled with `set_option linter.style.haveILetI false`
warning: PeriodicFamily/Main.lean:67:19: this tactic is never executed

Note: This linter can be disabled with `set_option linter.unreachableTactic false`
warning: PeriodicFamily/Main.lean:67:19: Unused tactic linter: `ring` does nothing

Note: This linter can be disabled with `set_option linter.unusedTactic false`
warning: PeriodicFamily/Main.lean:88:19: this tactic is never executed

Note: This linter can be disabled with `set_option linter.unreachableTactic false`
warning: PeriodicFamily/Main.lean:88:19: Unused tactic linter: `ring` does nothing

Note: This linter can be disabled with `set_option linter.unusedTactic false`
warning: PeriodicFamily/Main.lean:103:2: Try this: 
  letI̵

The goal is a proposition, so `let` is preferred over `letI`.
The difference between `let` and `letI` is that `letI` inlines the value.
But this is not relevant for proofs because of proof irrelevance.

Note: This linter can be disabled with `set_option linter.style.haveILetI false`
✔ [9855/9861] Built Quadratic.DeterminantContradiction (7.5s)
✔ [9856/9861] Built Quadratic.Main (5.6s)
✔ [9857/9861] Built Quadratic.Families (8.2s)
✔ [9858/9861] Built Quadratic.RationalFamilies (6.5s)
⚠ [9859/9861] Built Combined (5.9s)
warning: Combined.lean:18:4: `push_neg` has been deprecated. Prefer using `push Not` instead.
If you'd rather continue using `push_neg` in your project, you can implement it as follows:
```
open Lean.Parser.Tactic in
macro "push_neg" cfg:optConfig loc:(location)? : tactic =>
  `(tactic| push $cfg:optConfig Not $[$loc]?)
```
warning: Combined.lean:36:4: Try this: 
  letI̵

The goal is a proposition, so `let` is preferred over `letI`.
The difference between `let` and `letI` is that `letI` inlines the value.
But this is not relevant for proofs because of proof irrelevance.

Note: This linter can be disabled with `set_option linter.style.haveILetI false`
info: Combined.lean:49:0: 'OAI.Applications.imaginary_quadratic_all_eventualLowerBound' depends on axioms: [propext, Classical.choice, Quot.sound]
info: Combined.lean:50:0: 'OAI.Applications.imaginary_quadratic_all_exponent' depends on axioms: [propext, Classical.choice, Quot.sound]
✔ [9860/9861] Built Solution (5.9s)
Build completed successfully (9861 jobs).
Exporting #[Quot, Quot.mk, Quot.lift, Quot.ind, CompareChallenge.pi_sqrt_exponent_two, CompareChallenge.pi_sqrt_eventual_bound, CompareChallenge.quadratic_log_exponent_two, CompareChallenge.quadratic_log_eventual_bound, CompareChallenge.imaginary_quadratic_exponent_two, CompareChallenge.imaginary_quadratic_eventual_bound, propext, Classical.choice, Quot.sound, Nat.add, Nat.sub, Nat.mul, Nat.pow, Nat.gcd, Nat.div, Nat.mod, Nat.beq, Nat.ble, Nat.land, Nat.lor, Nat.xor, Nat.shiftLeft, Nat.shiftRight, String.ofList, Char.ofNat, List, eagerReduce, Nat, String, String.mk, Char, optParam, autoParam, semiOutParam, outParam] from Solution
Running nanoda kernel on solution
nanoda kernel accepts the solution
Running Lean default kernel on solution.
Lean default kernel accepts the solution
Your solution is okay!
          Finished with result: success
Main processes terminated with: code=exited, status=0/SUCCESS
               Service runtime: 1h 21min 7.607s
             CPU time consumed: 5h 52.106s
                   Memory peak: 11.2G (swap: 850.1M)
